Microchip Technology Inc, vv3_30 (B) \

Tool Name:
  c:\program files\microchip\mplab c30\bin\bin\..\bin/pic30-elf-ld.exe

Command:
  -p24F16KL402 \
  -o \
  dist/XC16_24FJ256GA110/production/new_SDL_pic_code.X.production.elf \
  -Lc:/program files/microchip/mplab c30/bin/bin/.. \
  -Lc:/program files/microchip/mplab c30/bin/bin/../../lib \
  -Lc:/program files/microchip/mplab c30/bin/bin/../../lib/PIC24E \
  -Lc:/program files/microchip/mplab c30/bin/bin/../../support/PIC24E/gld \
  -Lc:/program files/microchip/mplab c30/bin/bin/../../lib/PIC24F \
  -Lc:/program files/microchip/mplab c30/bin/bin/../../support/PIC24F/gld \
  -Lc:/program files/microchip/mplab c30/bin/bin/../../lib/PIC24H \
  -Lc:/program files/microchip/mplab c30/bin/bin/../../support/PIC24H/gld \
  -Lc:/program files/microchip/mplab c30/bin/bin/../../lib/dsPIC30F \
  -Lc:/program files/microchip/mplab c30/bin/bin/../../support/dsPIC30F/gld \
  -Lc:/program files/microchip/mplab c30/bin/bin/../../lib/dsPIC33E \
  -Lc:/program files/microchip/mplab c30/bin/bin/../../support/dsPIC33E/gld \
  -Lc:/program files/microchip/mplab c30/bin/bin/../../lib/dsPIC33F \
  -Lc:/program files/microchip/mplab c30/bin/bin/../../support/dsPIC33F/gld \
  build/XC16_24FJ256GA110/production/configuration_bits.o \
  build/XC16_24FJ256GA110/production/interrupts.o \
  build/XC16_24FJ256GA110/production/main.o \
  build/XC16_24FJ256GA110/production/system.o \
  build/XC16_24FJ256GA110/production/traps.o \
  build/XC16_24FJ256GA110/production/user.o \
  build/XC16_24FJ256GA110/production/database.o \
  build/XC16_24FJ256GA110/production/debug.o \
  build/XC16_24FJ256GA110/production/event.o \
  build/XC16_24FJ256GA110/production/fingerPrintReader.o \
  build/XC16_24FJ256GA110/production/miscHardware.o \
  build/XC16_24FJ256GA110/production/wifi.o \
  --defsym=__MPLAB_BUILD=1 \
  --stack=16 \
  -Map=dist/XC16_24FJ256GA110/production/new_SDL_pic_code.X.production.map \
  --report-mem \
  -Tp24F16KL402.gld.00 \
  -start-group \
  --library=pic30-elf \
  --library=m-elf \
  --library=c-elf \
  -end-group \

Archive member included because of file (symbol)

c:/program files/microchip/mplab c30/bin/bin/../../lib\libpic30-elf.a(crt0_standard.o)
                              (__resetPRI)
c:/program files/microchip/mplab c30/bin/bin/../../lib\libpic30-elf.a(data_init_standard.o)
                              c:/program files/microchip/mplab c30/bin/bin/../../lib\libpic30-elf.a(crt0_standard.o) (__data_init_standard)
c:/program files/microchip/mplab c30/bin/bin/../../lib\libc-elf.a(atoi.XXeo)
                              build/XC16_24FJ256GA110/production/wifi.o (_atoi)
c:/program files/microchip/mplab c30/bin/bin/../../lib\libc-elf.a(itoa.XXeo)
                              build/XC16_24FJ256GA110/production/wifi.o (_itoa)
c:/program files/microchip/mplab c30/bin/bin/../../lib\libc-elf.a(memset.XXeo)
                              build/XC16_24FJ256GA110/production/database.o (_memset)
c:/program files/microchip/mplab c30/bin/bin/../../lib\libc-elf.a(strcat.XXeo)
                              build/XC16_24FJ256GA110/production/wifi.o (_strcat)
c:/program files/microchip/mplab c30/bin/bin/../../lib\libc-elf.a(strcmp.XXeo)
                              build/XC16_24FJ256GA110/production/wifi.o (_strcmp)
c:/program files/microchip/mplab c30/bin/bin/../../lib\libc-elf.a(strcpy.XXeo)
                              build/XC16_24FJ256GA110/production/wifi.o (_strcpy)
c:/program files/microchip/mplab c30/bin/bin/../../lib\libc-elf.a(strlen.XXeo)
                              build/XC16_24FJ256GA110/production/wifi.o (_strlen)
c:/program files/microchip/mplab c30/bin/bin/../../lib\libc-elf.a(strncmp.XXeo)
                              build/XC16_24FJ256GA110/production/wifi.o (_strncmp)
c:/program files/microchip/mplab c30/bin/bin/../../lib\libc-elf.a(strstr.XXeo)
                              build/XC16_24FJ256GA110/production/wifi.o (_strstr)
c:/program files/microchip/mplab c30/bin/bin/../../lib\libc-elf.a(strtok.XXeo)
                              build/XC16_24FJ256GA110/production/wifi.o (_strtok)
c:/program files/microchip/mplab c30/bin/bin/../../lib\libc-elf.a(strchr.XXelo)
                              c:/program files/microchip/mplab c30/bin/bin/../../lib\libc-elf.a(strstr.XXeo) (_strchr)
c:/program files/microchip/mplab c30/bin/bin/../../lib\libc-elf.a(strcspn.XXelo)
                              c:/program files/microchip/mplab c30/bin/bin/../../lib\libc-elf.a(strtok.XXeo) (_strcspn)
c:/program files/microchip/mplab c30/bin/bin/../../lib\libc-elf.a(strspn.XXelo)
                              c:/program files/microchip/mplab c30/bin/bin/../../lib\libc-elf.a(strtok.XXeo) (_strspn)


Program Memory  [Origin = 0x200, Length = 0x29fe]

section                    address   length (PC units)   length (bytes) (dec)
-------                    -------   -----------------   --------------------
.text                        0x200               0x262           0x393  (915)
[...]
Memory Configuration

Name             Origin             Length             Attributes
data             0x000800           0x000400           a !xr
reset            0x000000           0x000004  
ivt              0x000004           0x0000fc  
aivt             0x000104           0x0000fc  
program          0x000200           0x0029fe           xr
eedata           0x7ffe00           0x000200  
FBS              0xf80000           0x000002  
FGS              0xf80004           0x000002  
FOSCSEL          0xf80006           0x000002  
FOSC             0xf80008           0x000002  
FWDT             0xf8000a           0x000002  
FPOR             0xf8000c           0x000002  
FICD             0xf8000e           0x000002  
*default*        0x000000           0xffffffff  

Linker script and memory map

LOAD build/XC16_24FJ256GA110/production/configuration_bits.o
LOAD build/XC16_24FJ256GA110/production/interrupts.o
LOAD build/XC16_24FJ256GA110/production/main.o
LOAD build/XC16_24FJ256GA110/production/system.o
LOAD build/XC16_24FJ256GA110/production/traps.o
LOAD build/XC16_24FJ256GA110/production/user.o
LOAD build/XC16_24FJ256GA110/production/database.o
LOAD build/XC16_24FJ256GA110/production/debug.o
LOAD build/XC16_24FJ256GA110/production/event.o
LOAD build/XC16_24FJ256GA110/production/fingerPrintReader.o
LOAD build/XC16_24FJ256GA110/production/miscHardware.o
LOAD build/XC16_24FJ256GA110/production/wifi.o
                    0x0001                  __MPLAB_BUILD = 0x1
LOAD c:/program files/microchip/mplab c30/bin/bin/../../lib/PIC24F\libpPIC24Fxxx-elf.a
                    0xf80000                  __FBS = 0xf80000
                    0xf80004                  __FGS = 0xf80004
                    0xf80006                  __FOSCSEL = 0xf80006
                    0xf80008                  __FOSC = 0xf80008
                    0xf8000a                  __FWDT = 0xf8000a
                    0xf8000c                  __FPOR = 0xf8000c
                    0xf8000e                  __FICD = 0xf8000e
                    0x0001                  __NO_HANDLES = 0x1
                    0x0004                  __IVT_BASE = 0x4
                    0x0104                  __AIVT_BASE = 0x104
                    0x0800                  __DATA_BASE = 0x800
                    0x0400                  __DATA_LENGTH = 0x400
                    0x0200                  __CODE_BASE = 0x200
                    0x2a00                  __CODE_LENGTH = 0x2a00

.reset            0x000000          0x4
                  0x000000          0x2 SHORT 0x200 ABSOLUTE (__reset)
                  0x000001          0x2 SHORT 0x4
                  0x000002          0x2 SHORT 0x0 ((ABSOLUTE (__reset) >> 0x10) & 0x7f)
                  0x000003          0x2 SHORT 0x0

.text             0x000200        0x262
 *(.init)
 .init            0x000200         0x32 c:/program files/microchip/mplab c30/bin/bin/../../lib\libpic30-elf.a(crt0_standard.o)
                  0x000200                  __resetPRI
                  0x000200                  __reset
                  0x000222                  __psv_init
 .init            0x000232         0x5e c:/program files/microchip/mplab c30/bin/bin/../../lib\libpic30-elf.a(data_init_standard.o)
                  0x000232                  __data_init_standard
                  0x000232                  __data_init
 *(.user_init)
 *(.handle)
 *(.isr*)
 *(.libc)
 *(.libm)
 *(.libdsp)
 *(.lib*)
 .libc.atoi       0x000290         0x48 c:/program files/microchip/mplab c30/bin/bin/../../lib\libc-elf.a(atoi.XXeo)
                  0x000290                  _atoi
 .libc.utoa       0x0002d8         0x30 c:/program files/microchip/mplab c30/bin/bin/../../lib\libc-elf.a(itoa.XXeo)
                  0x0002d8                  _utoa
 .libc.itoa       0x000308         0x1e c:/program files/microchip/mplab c30/bin/bin/../../lib\libc-elf.a(itoa.XXeo)
                  0x000308                  _itoa
 .libc.memset     0x000326          0xe c:/program files/microchip/mplab c30/bin/bin/../../lib\libc-elf.a(memset.XXeo)
                  0x000326                  _memset
 .libc.strcat     0x000334         0x18 c:/program files/microchip/mplab c30/bin/bin/../../lib\libc-elf.a(strcat.XXeo)
                  0x000334                  _strcat
 .libc.strcmp     0x00034c         0x10 c:/program files/microchip/mplab c30/bin/bin/../../lib\libc-elf.a(strcmp.XXeo)
                  0x00034c                  _strcmp
 .libc.strcpy     0x00035c         0x10 c:/program files/microchip/mplab c30/bin/bin/../../lib\libc-elf.a(strcpy.XXeo)
                  0x00035c                  _strcpy
 .libc.strlen     0x00036c          0xc c:/program files/microchip/mplab c30/bin/bin/../../lib\libc-elf.a(strlen.XXeo)
                  0x00036c                  _strlen
 .libc.strncmp    0x000378         0x22 c:/program files/microchip/mplab c30/bin/bin/../../lib\libc-elf.a(strncmp.XXeo)
                  0x000378                  _strncmp
 .libc.strstr     0x00039a         0x2e c:/program files/microchip/mplab c30/bin/bin/../../lib\libc-elf.a(strstr.XXeo)
                  0x00039a                  _strstr
 .libc.strtok     0x0003c8         0x3a c:/program files/microchip/mplab c30/bin/bin/../../lib\libc-elf.a(strtok.XXeo)
                  0x0003c8                  _strtok
 .libc.strchr     0x000402         0x10 c:/program files/microchip/mplab c30/bin/bin/../../lib\libc-elf.a(strchr.XXelo)
                  0x000402                  _strchr
 .libc.strcspn    0x000412         0x28 c:/program files/microchip/mplab c30/bin/bin/../../lib\libc-elf.a(strcspn.XXelo)
                  0x000412                  _strcspn
 .libc.strspn     0x00043a         0x28 c:/program files/microchip/mplab c30/bin/bin/../../lib\libc-elf.a(strspn.XXelo)
                  0x00043a                  _strspn

usercode
 *(usercode)

__FBS
 *(__FBS.sec)

__FGS
 *(__FGS.sec)

__FOSCSEL
 *(__FOSCSEL.sec)

__FOSC
 *(__FOSC.sec)

__FWDT
 *(__FWDT.sec)

__FPOR
 *(__FPOR.sec)

__FICD
 *(__FICD.sec)

.comment
 *(.comment)

.debug_info       0x000000       0x3f35
 *(.debug_info)
 .debug_info      0x000000         0xc1 build/XC16_24FJ256GA110/production/configuration_bits.o
 .debug_info      0x0000c1        0x12c build/XC16_24FJ256GA110/production/interrupts.o
 .debug_info      0x0001ed        0x2cb build/XC16_24FJ256GA110/production/main.o
 .debug_info      0x0004b8        0x14b build/XC16_24FJ256GA110/production/system.o
 .debug_info      0x000603        0x2e2 build/XC16_24FJ256GA110/production/traps.o
 .debug_info      0x0008e5        0x164 build/XC16_24FJ256GA110/production/user.o
 .debug_info      0x000a49        0x34c build/XC16_24FJ256GA110/production/database.o
 .debug_info      0x000d95        0x6aa build/XC16_24FJ256GA110/production/debug.o
 .debug_info      0x00143f        0x13d build/XC16_24FJ256GA110/production/event.o
 .debug_info      0x00157c        0x6dc build/XC16_24FJ256GA110/production/fingerPrintReader.o
 .debug_info      0x001c58       0x181c build/XC16_24FJ256GA110/production/miscHardware.o
 .debug_info      0x003474        0xac1 build/XC16_24FJ256GA110/production/wifi.o
 *(.gnu.linkonce.wi.*)

.debug_abbrev     0x000000        0x831
 *(.debug_abbrev)
 .debug_abbrev    0x000000         0x1f build/XC16_24FJ256GA110/production/configuration_bits.o
 .debug_abbrev    0x00001f         0x1f build/XC16_24FJ256GA110/production/interrupts.o
 .debug_abbrev    0x00003e         0xac build/XC16_24FJ256GA110/production/main.o
 .debug_abbrev    0x0000ea         0x34 build/XC16_24FJ256GA110/production/system.o
 .debug_abbrev    0x00011e         0x7d build/XC16_24FJ256GA110/production/traps.o
 .debug_abbrev    0x00019b         0x5d build/XC16_24FJ256GA110/production/user.o
 .debug_abbrev    0x0001f8         0xee build/XC16_24FJ256GA110/production/database.o
 .debug_abbrev    0x0002e6         0xb0 build/XC16_24FJ256GA110/production/debug.o
 .debug_abbrev    0x000396         0x1f build/XC16_24FJ256GA110/production/event.o
 .debug_abbrev    0x0003b5        0x14f build/XC16_24FJ256GA110/production/fingerPrintReader.o
 .debug_abbrev    0x000504        0x1be build/XC16_24FJ256GA110/production/miscHardware.o
 .debug_abbrev    0x0006c2        0x16f build/XC16_24FJ256GA110/production/wifi.o

.debug_line       0x000000       0x28a3
 *(.debug_line)
 .debug_line      0x000000         0x79 build/XC16_24FJ256GA110/production/configuration_bits.o
 .debug_line      0x000079         0xc0 build/XC16_24FJ256GA110/production/interrupts.o
 .debug_line      0x000139        0x404 build/XC16_24FJ256GA110/production/main.o
 .debug_line      0x00053d         0xde build/XC16_24FJ256GA110/production/system.o
 .debug_line      0x00061b        0x19d build/XC16_24FJ256GA110/production/traps.o
 .debug_line      0x0007b8        0x152 build/XC16_24FJ256GA110/production/user.o
 .debug_line      0x00090a        0x1ea build/XC16_24FJ256GA110/production/database.o
 .debug_line      0x000af4        0x249 build/XC16_24FJ256GA110/production/debug.o
 .debug_line      0x000d3d         0xcc build/XC16_24FJ256GA110/production/event.o
 .debug_line      0x000e09        0x5e8 build/XC16_24FJ256GA110/production/fingerPrintReader.o
 .debug_line      0x0013f1        0x66b build/XC16_24FJ256GA110/production/miscHardware.o
 .debug_line      0x001a5c        0xe47 build/XC16_24FJ256GA110/production/wifi.o

.debug_frame      0x000000        0x56f
 *(.debug_frame)
 .debug_frame     0x000000         0x27 build/XC16_24FJ256GA110/production/main.o
 .debug_frame     0x000027         0x27 build/XC16_24FJ256GA110/production/system.o
 .debug_frame     0x00004e         0xa7 build/XC16_24FJ256GA110/production/traps.o
 .debug_frame     0x0000f5         0x27 build/XC16_24FJ256GA110/production/user.o
 .debug_frame     0x00011c         0x77 build/XC16_24FJ256GA110/production/database.o
 .debug_frame     0x000193         0x57 build/XC16_24FJ256GA110/production/debug.o
 .debug_frame     0x0001ea         0xf7 build/XC16_24FJ256GA110/production/fingerPrintReader.o
 .debug_frame     0x0002e1        0x167 build/XC16_24FJ256GA110/production/miscHardware.o
 .debug_frame     0x000448        0x127 build/XC16_24FJ256GA110/production/wifi.o

.debug_str        0x000000         0x9d
 *(.debug_str)
 .debug_str       0x000000          0xd build/XC16_24FJ256GA110/production/main.o
 .debug_str       0x00000d          0xd build/XC16_24FJ256GA110/production/user.o
 .debug_str       0x00001a          0xd build/XC16_24FJ256GA110/production/database.o
 .debug_str       0x000027          0xa build/XC16_24FJ256GA110/production/debug.o
 .debug_str       0x000031         0x17 build/XC16_24FJ256GA110/production/fingerPrintReader.o
 .debug_str       0x000048         0x31 build/XC16_24FJ256GA110/production/miscHardware.o
 .debug_str       0x000079         0x24 build/XC16_24FJ256GA110/production/wifi.o

.debug_loc
 *(.debug_loc)

.debug_macinfo
 *(.debug_macinfo)

.debug_pubnames
                  0x000000        0x7db
 *(.debug_pubnames)
 .debug_pubnames
                  0x000000         0x32 build/XC16_24FJ256GA110/production/main.o
 .debug_pubnames
                  0x000032         0x2a build/XC16_24FJ256GA110/production/system.o
 .debug_pubnames
                  0x00005c         0xbe build/XC16_24FJ256GA110/production/traps.o
 .debug_pubnames
                  0x00011a         0x2e build/XC16_24FJ256GA110/production/user.o
 .debug_pubnames
                  0x000148         0x9e build/XC16_24FJ256GA110/production/database.o
 .debug_pubnames
                  0x0001e6         0x4f build/XC16_24FJ256GA110/production/debug.o
 .debug_pubnames
                  0x000235        0x1a4 build/XC16_24FJ256GA110/production/fingerPrintReader.o
 .debug_pubnames
                  0x0003d9        0x1b4 build/XC16_24FJ256GA110/production/miscHardware.o
 .debug_pubnames
                  0x00058d        0x24e build/XC16_24FJ256GA110/production/wifi.o

.debug_ranges
 *(.debug_ranges)

.debug_aranges    0x000000        0x120
 *(.debug_aranges)
 .debug_aranges
                  0x000000         0x20 build/XC16_24FJ256GA110/production/main.o
 .debug_aranges
                  0x000020         0x20 build/XC16_24FJ256GA110/production/system.o
 .debug_aranges
                  0x000040         0x20 build/XC16_24FJ256GA110/production/traps.o
 .debug_aranges
                  0x000060         0x20 build/XC16_24FJ256GA110/production/user.o
 .debug_aranges
                  0x000080         0x20 build/XC16_24FJ256GA110/production/database.o
 .debug_aranges
                  0x0000a0         0x20 build/XC16_24FJ256GA110/production/debug.o
 .debug_aranges
                  0x0000c0         0x20 build/XC16_24FJ256GA110/production/fingerPrintReader.o
 .debug_aranges
                  0x0000e0         0x20 build/XC16_24FJ256GA110/production/miscHardware.o
 .debug_aranges
                  0x000100         0x20 build/XC16_24FJ256GA110/production/wifi.o

.ivt              0x000004         0xfc
                  0x000004          0x4 LONG 0x273c DEFINED (__ReservedTrap0)?ABSOLUTE (__ReservedTrap0):ABSOLUTE (__DefaultInterrupt)
                  0x000006          0x4 LONG 0x270c DEFINED (__OscillatorFail)?ABSOLUTE (__OscillatorFail):ABSOLUTE (__DefaultInterrupt)
                  0x000008          0x4 LONG 0x2712 DEFINED (__AddressError)?ABSOLUTE (__AddressError):ABSOLUTE (__DefaultInterrupt)
                  0x00000a          0x4 LONG 0x2718 DEFINED (__StackError)?ABSOLUTE (__StackError):ABSOLUTE (__DefaultInterrupt)
                  0x00000c          0x4 LONG 0x271e DEFINED (__MathError)?ABSOLUTE (__MathError):ABSOLUTE (__DefaultInterrupt)
                  0x00000e          0x4 LONG 0x273c DEFINED (__ReservedTrap5)?ABSOLUTE (__ReservedTrap5):ABSOLUTE (__DefaultInterrupt)
                  0x000010          0x4 LONG 0x273c DEFINED (__ReservedTrap6)?ABSOLUTE (__ReservedTrap6):ABSOLUTE (__DefaultInterrupt)
                  0x000012          0x4 LONG 0x273c DEFINED (__ReservedTrap7)?ABSOLUTE (__ReservedTrap7):ABSOLUTE (__DefaultInterrupt)
                  0x000014          0x4 LONG 0x273c DEFINED (__INT0Interrupt)?ABSOLUTE (__INT0Interrupt):ABSOLUTE (__DefaultInterrupt)
                  0x000016          0x4 LONG 0x273c DEFINED (__Interrupt1)?ABSOLUTE (__Interrupt1):ABSOLUTE (__DefaultInterrupt)
                  0x000018          0x4 LONG 0x273c DEFINED (__CCP1Interrupt)?ABSOLUTE (__CCP1Interrupt):ABSOLUTE (__DefaultInterrupt)
                  0x00001a          0x4 LONG 0x1e84 DEFINED (__T1Interrupt)?ABSOLUTE (__T1Interrupt):ABSOLUTE (__DefaultInterrupt)
                  0x00001c          0x4 LONG 0x273c DEFINED (__Interrupt4)?ABSOLUTE (__Interrupt4):ABSOLUTE (__DefaultInterrupt)
                  0x00001e          0x4 LONG 0x273c DEFINED (__Interrupt5)?ABSOLUTE (__Interrupt5):ABSOLUTE (__DefaultInterrupt)
                  0x000020          0x4 LONG 0x273c DEFINED (__CCP2Interrupt)?ABSOLUTE (__CCP2Interrupt):ABSOLUTE (__DefaultInterrupt)
                  0x000022          0x4 LONG 0x273c DEFINED (__T2Interrupt)?ABSOLUTE (__T2Interrupt):ABSOLUTE (__DefaultInterrupt)
                  0x000024          0x4 LONG 0x273c DEFINED (__T3Interrupt)?ABSOLUTE (__T3Interrupt):ABSOLUTE (__DefaultInterrupt)
                  0x000026          0x4 LONG 0x273c DEFINED (__Interrupt9)?ABSOLUTE (__Interrupt9):ABSOLUTE (__DefaultInterrupt)
                  0x000028          0x4 LONG 0x273c DEFINED (__Interrupt10)?ABSOLUTE (__Interrupt10):ABSOLUTE (__DefaultInterrupt)
                  0x00002a          0x4 LONG 0x1288 DEFINED (__U1RXInterrupt)?ABSOLUTE (__U1RXInterrupt):ABSOLUTE (__DefaultInterrupt)
                  0x00002c          0x4 LONG 0x20ca DEFINED (__U1TXInterrupt)?ABSOLUTE (__U1TXInterrupt):ABSOLUTE (__DefaultInterrupt)
                  0x00002e          0x4 LONG 0x273c DEFINED (__ADC1Interrupt)?ABSOLUTE (__ADC1Interrupt):ABSOLUTE (__DefaultInterrupt)
                  0x000030          0x4 LONG 0x273c DEFINED (__Interrupt14)?ABSOLUTE (__Interrupt14):ABSOLUTE (__DefaultInterrupt)
                  0x000032          0x4 LONG 0x273c DEFINED (__NVMWriteInterrupt)?ABSOLUTE (__NVMWriteInterrupt):ABSOLUTE (__DefaultInterrupt)
                  0x000034          0x4 LONG 0x273c DEFINED (__MSSP1Interrupt)?ABSOLUTE (__MSSP1Interrupt):ABSOLUTE (__DefaultInterrupt)
                  0x000036          0x4 LONG 0x273c DEFINED (__MSSP1BCInterrupt)?ABSOLUTE (__MSSP1BCInterrupt):ABSOLUTE (__DefaultInterrupt)
                  0x000038          0x4 LONG 0x273c DEFINED (__CompInterrupt)?ABSOLUTE (__CompInterrupt):ABSOLUTE (__DefaultInterrupt)
                  0x00003a          0x4 LONG 0x273c DEFINED (__CNInterrupt)?ABSOLUTE (__CNInterrupt):ABSOLUTE (__DefaultInterrupt)
                  0x00003c          0x4 LONG 0x273c DEFINED (__INT1Interrupt)?ABSOLUTE (__INT1Interrupt):ABSOLUTE (__DefaultInterrupt)
                  0x00003e          0x4 LONG 0x273c DEFINED (__Interrupt21)?ABSOLUTE (__Interrupt21):ABSOLUTE (__DefaultInterrupt)
                  0x000040          0x4 LONG 0x273c DEFINED (__Interrupt22)?ABSOLUTE (__Interrupt22):ABSOLUTE (__DefaultInterrupt)
                  0x000042          0x4 LONG 0x273c DEFINED (__Interrupt23)?ABSOLUTE (__Interrupt23):ABSOLUTE (__DefaultInterrupt)
                  0x000044          0x4 LONG 0x273c DEFINED (__Interrupt24)?ABSOLUTE (__Interrupt24):ABSOLUTE (__DefaultInterrupt)
                  0x000046          0x4 LONG 0x273c DEFINED (__CCP3Interrupt)?ABSOLUTE (__CCP3Interrupt):ABSOLUTE (__DefaultInterrupt)
                  0x000048          0x4 LONG 0x273c DEFINED (__Interrupt26)?ABSOLUTE (__Interrupt26):ABSOLUTE (__DefaultInterrupt)
                  0x00004a          0x4 LONG 0x273c DEFINED (__T4Interrupt)?ABSOLUTE (__T4Interrupt):ABSOLUTE (__DefaultInterrupt)
                  0x00004c          0x4 LONG 0x273c DEFINED (__Interrupt28)?ABSOLUTE (__Interrupt28):ABSOLUTE (__DefaultInterrupt)
                  0x00004e          0x4 LONG 0x273c DEFINED (__INT2Interrupt)?ABSOLUTE (__INT2Interrupt):ABSOLUTE (__DefaultInterrupt)
                  0x000050          0x4 LONG 0x1a6c DEFINED (__U2RXInterrupt)?ABSOLUTE (__U2RXInterrupt):ABSOLUTE (__DefaultInterrupt)
                  0x000052          0x4 LONG 0x20de DEFINED (__U2TXInterrupt)?ABSOLUTE (__U2TXInterrupt):ABSOLUTE (__DefaultInterrupt)
                  0x000054          0x4 LONG 0x273c DEFINED (__Interrupt32)?ABSOLUTE (__Interrupt32):ABSOLUTE (__DefaultInterrupt)
                  0x000056          0x4 LONG 0x273c DEFINED (__Interrupt33)?ABSOLUTE (__Interrupt33):ABSOLUTE (__DefaultInterrupt)
                  0x000058          0x4 LONG 0x273c DEFINED (__Interrupt34)?ABSOLUTE (__Interrupt34):ABSOLUTE (__DefaultInterrupt)
                  0x00005a          0x4 LONG 0x273c DEFINED (__Interrupt35)?ABSOLUTE (__Interrupt35):ABSOLUTE (__DefaultInterrupt)
                  0x00005c          0x4 LONG 0x273c DEFINED (__Interrupt36)?ABSOLUTE (__Interrupt36):ABSOLUTE (__DefaultInterrupt)
                  0x00005e          0x4 LONG 0x273c DEFINED (__T3GInterrupt)?ABSOLUTE (__T3GInterrupt):ABSOLUTE (__DefaultInterrupt)
                  0x000060          0x4 LONG 0x273c DEFINED (__Interrupt38)?ABSOLUTE (__Interrupt38):ABSOLUTE (__DefaultInterrupt)
                  0x000062          0x4 LONG 0x273c DEFINED (__Interrupt39)?ABSOLUTE (__Interrupt39):ABSOLUTE (__DefaultInterrupt)
                  0x000064          0x4 LONG 0x273c DEFINED (__Interrupt40)?ABSOLUTE (__Interrupt40):ABSOLUTE (__DefaultInterrupt)
                  0x000066          0x4 LONG 0x273c DEFINED (__Interrupt41)?ABSOLUTE (__Interrupt41):ABSOLUTE (__DefaultInterrupt)
                  0x000068          0x4 LONG 0x273c DEFINED (__Interrupt42)?ABSOLUTE (__Interrupt42):ABSOLUTE (__DefaultInterrupt)
                  0x00006a          0x4 LONG 0x273c DEFINED (__Interrupt43)?ABSOLUTE (__Interrupt43):ABSOLUTE (__DefaultInterrupt)
                  0x00006c          0x4 LONG 0x273c DEFINED (__Interrupt44)?ABSOLUTE (__Interrupt44):ABSOLUTE (__DefaultInterrupt)
                  0x00006e          0x4 LONG 0x273c DEFINED (__Interrupt45)?ABSOLUTE (__Interrupt45):ABSOLUTE (__DefaultInterrupt)
                  0x000070          0x4 LONG 0x273c DEFINED (__Interrupt46)?ABSOLUTE (__Interrupt46):ABSOLUTE (__DefaultInterrupt)
                  0x000072          0x4 LONG 0x273c DEFINED (__Interrupt47)?ABSOLUTE (__Interrupt47):ABSOLUTE (__DefaultInterrupt)
                  0x000074          0x4 LONG 0x273c DEFINED (__Interrupt48)?ABSOLUTE (__Interrupt48):ABSOLUTE (__DefaultInterrupt)
                  0x000076          0x4 LONG 0x273c DEFINED (__MSSP2Interrupt)?ABSOLUTE (__MSSP2Interrupt):ABSOLUTE (__DefaultInterrupt)
                  0x000078          0x4 LONG 0x273c DEFINED (__MSSP2BCInterrupt)?ABSOLUTE (__MSSP2BCInterrupt):ABSOLUTE (__DefaultInterrupt)
                  0x00007a          0x4 LONG 0x273c DEFINED (__Interrupt51)?ABSOLUTE (__Interrupt51):ABSOLUTE (__DefaultInterrupt)
                  0x00007c          0x4 LONG 0x273c DEFINED (__Interrupt52)?ABSOLUTE (__Interrupt52):ABSOLUTE (__DefaultInterrupt)
                  0x00007e          0x4 LONG 0x273c DEFINED (__Interrupt53)?ABSOLUTE (__Interrupt53):ABSOLUTE (__DefaultInterrupt)
                  0x000080          0x4 LONG 0x273c DEFINED (__Interrupt54)?ABSOLUTE (__Interrupt54):ABSOLUTE (__DefaultInterrupt)
                  0x000082          0x4 LONG 0x273c DEFINED (__Interrupt55)?ABSOLUTE (__Interrupt55):ABSOLUTE (__DefaultInterrupt)
                  0x000084          0x4 LONG 0x273c DEFINED (__Interrupt56)?ABSOLUTE (__Interrupt56):ABSOLUTE (__DefaultInterrupt)
                  0x000086          0x4 LONG 0x273c DEFINED (__Interrupt57)?ABSOLUTE (__Interrupt57):ABSOLUTE (__DefaultInterrupt)
                  0x000088          0x4 LONG 0x273c DEFINED (__Interrupt58)?ABSOLUTE (__Interrupt58):ABSOLUTE (__DefaultInterrupt)
                  0x00008a          0x4 LONG 0x273c DEFINED (__Interrupt59)?ABSOLUTE (__Interrupt59):ABSOLUTE (__DefaultInterrupt)
                  0x00008c          0x4 LONG 0x273c DEFINED (__Interrupt60)?ABSOLUTE (__Interrupt60):ABSOLUTE (__DefaultInterrupt)
                  0x00008e          0x4 LONG 0x273c DEFINED (__Interrupt61)?ABSOLUTE (__Interrupt61):ABSOLUTE (__DefaultInterrupt)
                  0x000090          0x4 LONG 0x273c DEFINED (__Interrupt62)?ABSOLUTE (__Interrupt62):ABSOLUTE (__DefaultInterrupt)
                  0x000092          0x4 LONG 0x273c DEFINED (__Interrupt63)?ABSOLUTE (__Interrupt63):ABSOLUTE (__DefaultInterrupt)
                  0x000094          0x4 LONG 0x273c DEFINED (__Interrupt64)?ABSOLUTE (__Interrupt64):ABSOLUTE (__DefaultInterrupt)
                  0x000096          0x4 LONG 0x273c DEFINED (__U1ErrInterrupt)?ABSOLUTE (__U1ErrInterrupt):ABSOLUTE (__DefaultInterrupt)
                  0x000098          0x4 LONG 0x273c DEFINED (__U2ErrInterrupt)?ABSOLUTE (__U2ErrInterrupt):ABSOLUTE (__DefaultInterrupt)
                  0x00009a          0x4 LONG 0x273c DEFINED (__Interrupt67)?ABSOLUTE (__Interrupt67):ABSOLUTE (__DefaultInterrupt)
                  0x00009c          0x4 LONG 0x273c DEFINED (__Interrupt68)?ABSOLUTE (__Interrupt68):ABSOLUTE (__DefaultInterrupt)
                  0x00009e          0x4 LONG 0x273c DEFINED (__Interrupt69)?ABSOLUTE (__Interrupt69):ABSOLUTE (__DefaultInterrupt)
                  0x0000a0          0x4 LONG 0x273c DEFINED (__Interrupt70)?ABSOLUTE (__Interrupt70):ABSOLUTE (__DefaultInterrupt)
                  0x0000a2          0x4 LONG 0x273c DEFINED (__Interrupt71)?ABSOLUTE (__Interrupt71):ABSOLUTE (__DefaultInterrupt)
                  0x0000a4          0x4 LONG 0x273c DEFINED (__HLVDInterrupt)?ABSOLUTE (__HLVDInterrupt):ABSOLUTE (__DefaultInterrupt)
                  0x0000a6          0x4 LONG 0x273c DEFINED (__Interrupt73)?ABSOLUTE (__Interrupt73):ABSOLUTE (__DefaultInterrupt)
                  0x0000a8          0x4 LONG 0x273c DEFINED (__Interrupt74)?ABSOLUTE (__Interrupt74):ABSOLUTE (__DefaultInterrupt)
                  0x0000aa          0x4 LONG 0x273c DEFINED (__Interrupt75)?ABSOLUTE (__Interrupt75):ABSOLUTE (__DefaultInterrupt)
                  0x0000ac          0x4 LONG 0x273c DEFINED (__Interrupt76)?ABSOLUTE (__Interrupt76):ABSOLUTE (__DefaultInterrupt)
                  0x0000ae          0x4 LONG 0x273c DEFINED (__Interrupt77)?ABSOLUTE (__Interrupt77):ABSOLUTE (__DefaultInterrupt)
                  0x0000b0          0x4 LONG 0x273c DEFINED (__Interrupt78)?ABSOLUTE (__Interrupt78):ABSOLUTE (__DefaultInterrupt)
                  0x0000b2          0x4 LONG 0x273c DEFINED (__Interrupt79)?ABSOLUTE (__Interrupt79):ABSOLUTE (__DefaultInterrupt)
                  0x0000b4          0x4 LONG 0x273c DEFINED (__ULPWUInterrupt)?ABSOLUTE (__ULPWUInterrupt):ABSOLUTE (__DefaultInterrupt)
                  0x0000b6          0x4 LONG 0x273c DEFINED (__Interrupt81)?ABSOLUTE (__Interrupt81):ABSOLUTE (__DefaultInterrupt)
                  0x0000b8          0x4 LONG 0x273c DEFINED (__Interrupt82)?ABSOLUTE (__Interrupt82):ABSOLUTE (__DefaultInterrupt)
                  0x0000ba          0x4 LONG 0x273c DEFINED (__Interrupt83)?ABSOLUTE (__Interrupt83):ABSOLUTE (__DefaultInterrupt)
                  0x0000bc          0x4 LONG 0x273c DEFINED (__Interrupt84)?ABSOLUTE (__Interrupt84):ABSOLUTE (__DefaultInterrupt)
                  0x0000be          0x4 LONG 0x273c DEFINED (__Interrupt85)?ABSOLUTE (__Interrupt85):ABSOLUTE (__DefaultInterrupt)
                  0x0000c0          0x4 LONG 0x273c DEFINED (__Interrupt86)?ABSOLUTE (__Interrupt86):ABSOLUTE (__DefaultInterrupt)
                  0x0000c2          0x4 LONG 0x273c DEFINED (__Interrupt87)?ABSOLUTE (__Interrupt87):ABSOLUTE (__DefaultInterrupt)
                  0x0000c4          0x4 LONG 0x273c DEFINED (__Interrupt88)?ABSOLUTE (__Interrupt88):ABSOLUTE (__DefaultInterrupt)
                  0x0000c6          0x4 LONG 0x273c DEFINED (__Interrupt89)?ABSOLUTE (__Interrupt89):ABSOLUTE (__DefaultInterrupt)
                  0x0000c8          0x4 LONG 0x273c DEFINED (__Interrupt90)?ABSOLUTE (__Interrupt90):ABSOLUTE (__DefaultInterrupt)
                  0x0000ca          0x4 LONG 0x273c DEFINED (__Interrupt91)?ABSOLUTE (__Interrupt91):ABSOLUTE (__DefaultInterrupt)
                  0x0000cc          0x4 LONG 0x273c DEFINED (__Interrupt92)?ABSOLUTE (__Interrupt92):ABSOLUTE (__DefaultInterrupt)
                  0x0000ce          0x4 LONG 0x273c DEFINED (__Interrupt93)?ABSOLUTE (__Interrupt93):ABSOLUTE (__DefaultInterrupt)
                  0x0000d0          0x4 LONG 0x273c DEFINED (__Interrupt94)?ABSOLUTE (__Interrupt94):ABSOLUTE (__DefaultInterrupt)
                  0x0000d2          0x4 LONG 0x273c DEFINED (__Interrupt95)?ABSOLUTE (__Interrupt95):ABSOLUTE (__DefaultInterrupt)
                  0x0000d4          0x4 LONG 0x273c DEFINED (__Interrupt96)?ABSOLUTE (__Interrupt96):ABSOLUTE (__DefaultInterrupt)
                  0x0000d6          0x4 LONG 0x273c DEFINED (__Interrupt97)?ABSOLUTE (__Interrupt97):ABSOLUTE (__DefaultInterrupt)
                  0x0000d8          0x4 LONG 0x273c DEFINED (__Interrupt98)?ABSOLUTE (__Interrupt98):ABSOLUTE (__DefaultInterrupt)
                  0x0000da          0x4 LONG 0x273c DEFINED (__Interrupt99)?ABSOLUTE (__Interrupt99):ABSOLUTE (__DefaultInterrupt)
                  0x0000dc          0x4 LONG 0x273c DEFINED (__Interrupt100)?ABSOLUTE (__Interrupt100):ABSOLUTE (__DefaultInterrupt)
                  0x0000de          0x4 LONG 0x273c DEFINED (__Interrupt101)?ABSOLUTE (__Interrupt101):ABSOLUTE (__DefaultInterrupt)
                  0x0000e0          0x4 LONG 0x273c DEFINED (__Interrupt102)?ABSOLUTE (__Interrupt102):ABSOLUTE (__DefaultInterrupt)
                  0x0000e2          0x4 LONG 0x273c DEFINED (__Interrupt103)?ABSOLUTE (__Interrupt103):ABSOLUTE (__DefaultInterrupt)
                  0x0000e4          0x4 LONG 0x273c DEFINED (__Interrupt104)?ABSOLUTE (__Interrupt104):ABSOLUTE (__DefaultInterrupt)
                  0x0000e6          0x4 LONG 0x273c DEFINED (__Interrupt105)?ABSOLUTE (__Interrupt105):ABSOLUTE (__DefaultInterrupt)
                  0x0000e8          0x4 LONG 0x273c DEFINED (__Interrupt106)?ABSOLUTE (__Interrupt106):ABSOLUTE (__DefaultInterrupt)
                  0x0000ea          0x4 LONG 0x273c DEFINED (__Interrupt107)?ABSOLUTE (__Interrupt107):ABSOLUTE (__DefaultInterrupt)
                  0x0000ec          0x4 LONG 0x273c DEFINED (__Interrupt108)?ABSOLUTE (__Interrupt108):ABSOLUTE (__DefaultInterrupt)
                  0x0000ee          0x4 LONG 0x273c DEFINED (__Interrupt109)?ABSOLUTE (__Interrupt109):ABSOLUTE (__DefaultInterrupt)
                  0x0000f0          0x4 LONG 0x273c DEFINED (__Interrupt110)?ABSOLUTE (__Interrupt110):ABSOLUTE (__DefaultInterrupt)
                  0x0000f2          0x4 LONG 0x273c DEFINED (__Interrupt111)?ABSOLUTE (__Interrupt111):ABSOLUTE (__DefaultInterrupt)
                  0x0000f4          0x4 LONG 0x273c DEFINED (__Interrupt112)?ABSOLUTE (__Interrupt112):ABSOLUTE (__DefaultInterrupt)
                  0x0000f6          0x4 LONG 0x273c DEFINED (__Interrupt113)?ABSOLUTE (__Interrupt113):ABSOLUTE (__DefaultInterrupt)
                  0x0000f8          0x4 LONG 0x273c DEFINED (__Interrupt114)?ABSOLUTE (__Interrupt114):ABSOLUTE (__DefaultInterrupt)
                  0x0000fa          0x4 LONG 0x273c DEFINED (__Interrupt115)?ABSOLUTE (__Interrupt115):ABSOLUTE (__DefaultInterrupt)
                  0x0000fc          0x4 LONG 0x273c DEFINED (__Interrupt116)?ABSOLUTE (__Interrupt116):ABSOLUTE (__DefaultInterrupt)
                  0x0000fe          0x4 LONG 0x273c DEFINED (__Interrupt117)?ABSOLUTE (__Interrupt117):ABSOLUTE (__DefaultInterrupt)

.aivt             0x000104         0xfc
                  0x000104          0x4 LONG 0x273c DEFINED (__AltReservedTrap0)?ABSOLUTE (__AltReservedTrap0):DEFINED (__ReservedTrap0)?ABSOLUTE (__ReservedTrap0):ABSOLUTE (__DefaultInterrupt)
                  0x000106          0x4 LONG 0x2724 DEFINED (__AltOscillatorFail)?ABSOLUTE (__AltOscillatorFail):DEFINED (__OscillatorFail)?ABSOLUTE (__OscillatorFail):ABSOLUTE (__DefaultInterrupt)
                  0x000108          0x4 LONG 0x272a DEFINED (__AltAddressError)?ABSOLUTE (__AltAddressError):DEFINED (__AddressError)?ABSOLUTE (__AddressError):ABSOLUTE (__DefaultInterrupt)
                  0x00010a          0x4 LONG 0x2730 DEFINED (__AltStackError)?ABSOLUTE (__AltStackError):DEFINED (__StackError)?ABSOLUTE (__StackError):ABSOLUTE (__DefaultInterrupt)
                  0x00010c          0x4 LONG 0x2736 DEFINED (__AltMathError)?ABSOLUTE (__AltMathError):DEFINED (__MathError)?ABSOLUTE (__MathError):ABSOLUTE (__DefaultInterrupt)
                  0x00010e          0x4 LONG 0x273c DEFINED (__AltReservedTrap5)?ABSOLUTE (__AltReservedTrap5):DEFINED (__ReservedTrap5)?ABSOLUTE (__ReservedTrap5):ABSOLUTE (__DefaultInterrupt)
                  0x000110          0x4 LONG 0x273c DEFINED (__AltReservedTrap6)?ABSOLUTE (__AltReservedTrap6):DEFINED (__ReservedTrap6)?ABSOLUTE (__ReservedTrap6):ABSOLUTE (__DefaultInterrupt)
                  0x000112          0x4 LONG 0x273c DEFINED (__AltReservedTrap7)?ABSOLUTE (__AltReservedTrap7):DEFINED (__ReservedTrap7)?ABSOLUTE (__ReservedTrap7):ABSOLUTE (__DefaultInterrupt)
                  0x000114          0x4 LONG 0x273c DEFINED (__AltINT0Interrupt)?ABSOLUTE (__AltINT0Interrupt):DEFINED (__INT0Interrupt)?ABSOLUTE (__INT0Interrupt):ABSOLUTE (__DefaultInterrupt)
                  0x000116          0x4 LONG 0x273c DEFINED (__AltInterrupt1)?ABSOLUTE (__AltInterrupt1):DEFINED (__Interrupt1)?ABSOLUTE (__Interrupt1):ABSOLUTE (__DefaultInterrupt)
                  0x000118          0x4 LONG 0x273c DEFINED (__AltCCP1Interrupt)?ABSOLUTE (__AltCCP1Interrupt):DEFINED (__CCP1Interrupt)?ABSOLUTE (__CCP1Interrupt):ABSOLUTE (__DefaultInterrupt)
                  0x00011a          0x4 LONG 0x1e84 DEFINED (__AltT1Interrupt)?ABSOLUTE (__AltT1Interrupt):DEFINED (__T1Interrupt)?ABSOLUTE (__T1Interrupt):ABSOLUTE (__DefaultInterrupt)
                  0x00011c          0x4 LONG 0x273c DEFINED (__AltInterrupt4)?ABSOLUTE (__AltInterrupt4):DEFINED (__Interrupt4)?ABSOLUTE (__Interrupt4):ABSOLUTE (__DefaultInterrupt)
                  0x00011e          0x4 LONG 0x273c DEFINED (__AltInterrupt5)?ABSOLUTE (__AltInterrupt5):DEFINED (__Interrupt5)?ABSOLUTE (__Interrupt5):ABSOLUTE (__DefaultInterrupt)
                  0x000120          0x4 LONG 0x273c DEFINED (__AltCCP2Interrupt)?ABSOLUTE (__AltCCP2Interrupt):DEFINED (__CCP2Interrupt)?ABSOLUTE (__CCP2Interrupt):ABSOLUTE (__DefaultInterrupt)
                  0x000122          0x4 LONG 0x273c DEFINED (__AltT2Interrupt)?ABSOLUTE (__AltT2Interrupt):DEFINED (__T2Interrupt)?ABSOLUTE (__T2Interrupt):ABSOLUTE (__DefaultInterrupt)
                  0x000124          0x4 LONG 0x273c DEFINED (__AltT3Interrupt)?ABSOLUTE (__AltT3Interrupt):DEFINED (__T3Interrupt)?ABSOLUTE (__T3Interrupt):ABSOLUTE (__DefaultInterrupt)
                  0x000126          0x4 LONG 0x273c DEFINED (__AltInterrupt9)?ABSOLUTE (__AltInterrupt9):DEFINED (__Interrupt9)?ABSOLUTE (__Interrupt9):ABSOLUTE (__DefaultInterrupt)
                  0x000128          0x4 LONG 0x273c DEFINED (__AltInterrupt10)?ABSOLUTE (__AltInterrupt10):DEFINED (__Interrupt10)?ABSOLUTE (__Interrupt10):ABSOLUTE (__DefaultInterrupt)
                  0x00012a          0x4 LONG 0x1288 DEFINED (__AltU1RXInterrupt)?ABSOLUTE (__AltU1RXInterrupt):DEFINED (__U1RXInterrupt)?ABSOLUTE (__U1RXInterrupt):ABSOLUTE (__DefaultInterrupt)
                  0x00012c          0x4 LONG 0x20ca DEFINED (__AltU1TXInterrupt)?ABSOLUTE (__AltU1TXInterrupt):DEFINED (__U1TXInterrupt)?ABSOLUTE (__U1TXInterrupt):ABSOLUTE (__DefaultInterrupt)
                  0x00012e          0x4 LONG 0x273c DEFINED (__AltADC1Interrupt)?ABSOLUTE (__AltADC1Interrupt):DEFINED (__ADC1Interrupt)?ABSOLUTE (__ADC1Interrupt):ABSOLUTE (__DefaultInterrupt)
                  0x000130          0x4 LONG 0x273c DEFINED (__AltInterrupt14)?ABSOLUTE (__AltInterrupt14):DEFINED (__Interrupt14)?ABSOLUTE (__Interrupt14):ABSOLUTE (__DefaultInterrupt)
                  0x000132          0x4 LONG 0x273c DEFINED (__AltNVMWriteInterrupt)?ABSOLUTE (__AltNVMWriteInterrupt):DEFINED (__NVMWriteInterrupt)?ABSOLUTE (__NVMWriteInterrupt):ABSOLUTE (__DefaultInterrupt)
                  0x000134          0x4 LONG 0x273c DEFINED (__AltMSSP1Interrupt)?ABSOLUTE (__AltMSSP1Interrupt):DEFINED (__MSSP1Interrupt)?ABSOLUTE (__MSSP1Interrupt):ABSOLUTE (__DefaultInterrupt)
                  0x000136          0x4 LONG 0x273c DEFINED (__AltMSSP1BCInterrupt)?ABSOLUTE (__AltMSSP1BCInterrupt):DEFINED (__MSSP1BCInterrupt)?ABSOLUTE (__MSSP1BCInterrupt):ABSOLUTE (__DefaultInterrupt)
                  0x000138          0x4 LONG 0x273c DEFINED (__AltCompInterrupt)?ABSOLUTE (__AltCompInterrupt):DEFINED (__CompInterrupt)?ABSOLUTE (__CompInterrupt):ABSOLUTE (__DefaultInterrupt)
                  0x00013a          0x4 LONG 0x273c DEFINED (__AltCNInterrupt)?ABSOLUTE (__AltCNInterrupt):DEFINED (__CNInterrupt)?ABSOLUTE (__CNInterrupt):ABSOLUTE (__DefaultInterrupt)
                  0x00013c          0x4 LONG 0x273c DEFINED (__AltINT1Interrupt)?ABSOLUTE (__AltINT1Interrupt):DEFINED (__INT1Interrupt)?ABSOLUTE (__INT1Interrupt):ABSOLUTE (__DefaultInterrupt)
                  0x00013e          0x4 LONG 0x273c DEFINED (__AltInterrupt21)?ABSOLUTE (__AltInterrupt21):DEFINED (__Interrupt21)?ABSOLUTE (__Interrupt21):ABSOLUTE (__DefaultInterrupt)
                  0x000140          0x4 LONG 0x273c DEFINED (__AltInterrupt22)?ABSOLUTE (__AltInterrupt22):DEFINED (__Interrupt22)?ABSOLUTE (__Interrupt22):ABSOLUTE (__DefaultInterrupt)
                  0x000142          0x4 LONG 0x273c DEFINED (__AltInterrupt23)?ABSOLUTE (__AltInterrupt23):DEFINED (__Interrupt23)?ABSOLUTE (__Interrupt23):ABSOLUTE (__DefaultInterrupt)
                  0x000144          0x4 LONG 0x273c DEFINED (__AltInterrupt24)?ABSOLUTE (__AltInterrupt24):DEFINED (__Interrupt24)?ABSOLUTE (__Interrupt24):ABSOLUTE (__DefaultInterrupt)
                  0x000146          0x4 LONG 0x273c DEFINED (__AltCCP3Interrupt)?ABSOLUTE (__AltCCP3Interrupt):DEFINED (__CCP3Interrupt)?ABSOLUTE (__CCP3Interrupt):ABSOLUTE (__DefaultInterrupt)
                  0x000148          0x4 LONG 0x273c DEFINED (__AltInterrupt26)?ABSOLUTE (__AltInterrupt26):DEFINED (__Interrupt26)?ABSOLUTE (__Interrupt26):ABSOLUTE (__DefaultInterrupt)
                  0x00014a          0x4 LONG 0x273c DEFINED (__AltT4Interrupt)?ABSOLUTE (__AltT4Interrupt):DEFINED (__T4Interrupt)?ABSOLUTE (__T4Interrupt):ABSOLUTE (__DefaultInterrupt)
                  0x00014c          0x4 LONG 0x273c DEFINED (__AltInterrupt28)?ABSOLUTE (__AltInterrupt28):DEFINED (__Interrupt28)?ABSOLUTE (__Interrupt28):ABSOLUTE (__DefaultInterrupt)
                  0x00014e          0x4 LONG 0x273c DEFINED (__AltINT2Interrupt)?ABSOLUTE (__AltINT2Interrupt):DEFINED (__INT2Interrupt)?ABSOLUTE (__INT2Interrupt):ABSOLUTE (__DefaultInterrupt)
                  0x000150          0x4 LONG 0x1a6c DEFINED (__AltU2RXInterrupt)?ABSOLUTE (__AltU2RXInterrupt):DEFINED (__U2RXInterrupt)?ABSOLUTE (__U2RXInterrupt):ABSOLUTE (__DefaultInterrupt)
                  0x000152          0x4 LONG 0x20de DEFINED (__AltU2TXInterrupt)?ABSOLUTE (__AltU2TXInterrupt):DEFINED (__U2TXInterrupt)?ABSOLUTE (__U2TXInterrupt):ABSOLUTE (__DefaultInterrupt)
                  0x000154          0x4 LONG 0x273c DEFINED (__AltInterrupt32)?ABSOLUTE (__AltInterrupt32):DEFINED (__Interrupt32)?ABSOLUTE (__Interrupt32):ABSOLUTE (__DefaultInterrupt)
                  0x000156          0x4 LONG 0x273c DEFINED (__AltInterrupt33)?ABSOLUTE (__AltInterrupt33):DEFINED (__Interrupt33)?ABSOLUTE (__Interrupt33):ABSOLUTE (__DefaultInterrupt)
                  0x000158          0x4 LONG 0x273c DEFINED (__AltInterrupt34)?ABSOLUTE (__AltInterrupt34):DEFINED (__Interrupt34)?ABSOLUTE (__Interrupt34):ABSOLUTE (__DefaultInterrupt)
                  0x00015a          0x4 LONG 0x273c DEFINED (__AltInterrupt35)?ABSOLUTE (__AltInterrupt35):DEFINED (__Interrupt35)?ABSOLUTE (__Interrupt35):ABSOLUTE (__DefaultInterrupt)
                  0x00015c          0x4 LONG 0x273c DEFINED (__AltInterrupt36)?ABSOLUTE (__AltInterrupt36):DEFINED (__Interrupt36)?ABSOLUTE (__Interrupt36):ABSOLUTE (__DefaultInterrupt)
                  0x00015e          0x4 LONG 0x273c DEFINED (__AltT3GInterrupt)?ABSOLUTE (__AltT3GInterrupt):DEFINED (__T3GInterrupt)?ABSOLUTE (__T3GInterrupt):ABSOLUTE (__DefaultInterrupt)
                  0x000160          0x4 LONG 0x273c DEFINED (__AltInterrupt38)?ABSOLUTE (__AltInterrupt38):DEFINED (__Interrupt38)?ABSOLUTE (__Interrupt38):ABSOLUTE (__DefaultInterrupt)
                  0x000162          0x4 LONG 0x273c DEFINED (__AltInterrupt39)?ABSOLUTE (__AltInterrupt39):DEFINED (__Interrupt39)?ABSOLUTE (__Interrupt39):ABSOLUTE (__DefaultInterrupt)
                  0x000164          0x4 LONG 0x273c DEFINED (__AltInterrupt40)?ABSOLUTE (__AltInterrupt40):DEFINED (__Interrupt40)?ABSOLUTE (__Interrupt40):ABSOLUTE (__DefaultInterrupt)
                  0x000166          0x4 LONG 0x273c DEFINED (__AltInterrupt41)?ABSOLUTE (__AltInterrupt41):DEFINED (__Interrupt41)?ABSOLUTE (__Interrupt41):ABSOLUTE (__DefaultInterrupt)
                  0x000168          0x4 LONG 0x273c DEFINED (__AltInterrupt42)?ABSOLUTE (__AltInterrupt42):DEFINED (__Interrupt42)?ABSOLUTE (__Interrupt42):ABSOLUTE (__DefaultInterrupt)
                  0x00016a          0x4 LONG 0x273c DEFINED (__AltInterrupt43)?ABSOLUTE (__AltInterrupt43):DEFINED (__Interrupt43)?ABSOLUTE (__Interrupt43):ABSOLUTE (__DefaultInterrupt)
                  0x00016c          0x4 LONG 0x273c DEFINED (__AltInterrupt44)?ABSOLUTE (__AltInterrupt44):DEFINED (__Interrupt44)?ABSOLUTE (__Interrupt44):ABSOLUTE (__DefaultInterrupt)
                  0x00016e          0x4 LONG 0x273c DEFINED (__AltInterrupt45)?ABSOLUTE (__AltInterrupt45):DEFINED (__Interrupt45)?ABSOLUTE (__Interrupt45):ABSOLUTE (__DefaultInterrupt)
                  0x000170          0x4 LONG 0x273c DEFINED (__AltInterrupt46)?ABSOLUTE (__AltInterrupt46):DEFINED (__Interrupt46)?ABSOLUTE (__Interrupt46):ABSOLUTE (__DefaultInterrupt)
                  0x000172          0x4 LONG 0x273c DEFINED (__AltInterrupt47)?ABSOLUTE (__AltInterrupt47):DEFINED (__Interrupt47)?ABSOLUTE (__Interrupt47):ABSOLUTE (__DefaultInterrupt)
                  0x000174          0x4 LONG 0x273c DEFINED (__AltInterrupt48)?ABSOLUTE (__AltInterrupt48):DEFINED (__Interrupt48)?ABSOLUTE (__Interrupt48):ABSOLUTE (__DefaultInterrupt)
                  0x000176          0x4 LONG 0x273c DEFINED (__AltMSSP2Interrupt)?ABSOLUTE (__AltMSSP2Interrupt):DEFINED (__MSSP2Interrupt)?ABSOLUTE (__MSSP2Interrupt):ABSOLUTE (__DefaultInterrupt)
                  0x000178          0x4 LONG 0x273c DEFINED (__AltMSSP2BCInterrupt)?ABSOLUTE (__AltMSSP2BCInterrupt):DEFINED (__MSSP2BCInterrupt)?ABSOLUTE (__MSSP2BCInterrupt):ABSOLUTE (__DefaultInterrupt)
                  0x00017a          0x4 LONG 0x273c DEFINED (__AltInterrupt51)?ABSOLUTE (__AltInterrupt51):DEFINED (__Interrupt51)?ABSOLUTE (__Interrupt51):ABSOLUTE (__DefaultInterrupt)
                  0x00017c          0x4 LONG 0x273c DEFINED (__AltInterrupt52)?ABSOLUTE (__AltInterrupt52):DEFINED (__Interrupt52)?ABSOLUTE (__Interrupt52):ABSOLUTE (__DefaultInterrupt)
                  0x00017e          0x4 LONG 0x273c DEFINED (__AltInterrupt53)?ABSOLUTE (__AltInterrupt53):DEFINED (__Interrupt53)?ABSOLUTE (__Interrupt53):ABSOLUTE (__DefaultInterrupt)
                  0x000180          0x4 LONG 0x273c DEFINED (__AltInterrupt54)?ABSOLUTE (__AltInterrupt54):DEFINED (__Interrupt54)?ABSOLUTE (__Interrupt54):ABSOLUTE (__DefaultInterrupt)
                  0x000182          0x4 LONG 0x273c DEFINED (__AltInterrupt55)?ABSOLUTE (__AltInterrupt55):DEFINED (__Interrupt55)?ABSOLUTE (__Interrupt55):ABSOLUTE (__DefaultInterrupt)
                  0x000184          0x4 LONG 0x273c DEFINED (__AltInterrupt56)?ABSOLUTE (__AltInterrupt56):DEFINED (__Interrupt56)?ABSOLUTE (__Interrupt56):ABSOLUTE (__DefaultInterrupt)
                  0x000186          0x4 LONG 0x273c DEFINED (__AltInterrupt57)?ABSOLUTE (__AltInterrupt57):DEFINED (__Interrupt57)?ABSOLUTE (__Interrupt57):ABSOLUTE (__DefaultInterrupt)
                  0x000188          0x4 LONG 0x273c DEFINED (__AltInterrupt58)?ABSOLUTE (__AltInterrupt58):DEFINED (__Interrupt58)?ABSOLUTE (__Interrupt58):ABSOLUTE (__DefaultInterrupt)
                  0x00018a          0x4 LONG 0x273c DEFINED (__AltInterrupt59)?ABSOLUTE (__AltInterrupt59):DEFINED (__Interrupt59)?ABSOLUTE (__Interrupt59):ABSOLUTE (__DefaultInterrupt)
                  0x00018c          0x4 LONG 0x273c DEFINED (__AltInterrupt60)?ABSOLUTE (__AltInterrupt60):DEFINED (__Interrupt60)?ABSOLUTE (__Interrupt60):ABSOLUTE (__DefaultInterrupt)
                  0x00018e          0x4 LONG 0x273c DEFINED (__AltInterrupt61)?ABSOLUTE (__AltInterrupt61):DEFINED (__Interrupt61)?ABSOLUTE (__Interrupt61):ABSOLUTE (__DefaultInterrupt)
                  0x000190          0x4 LONG 0x273c DEFINED (__AltInterrupt62)?ABSOLUTE (__AltInterrupt62):DEFINED (__Interrupt62)?ABSOLUTE (__Interrupt62):ABSOLUTE (__DefaultInterrupt)
                  0x000192          0x4 LONG 0x273c DEFINED (__AltInterrupt63)?ABSOLUTE (__AltInterrupt63):DEFINED (__Interrupt63)?ABSOLUTE (__Interrupt63):ABSOLUTE (__DefaultInterrupt)
                  0x000194          0x4 LONG 0x273c DEFINED (__AltInterrupt64)?ABSOLUTE (__AltInterrupt64):DEFINED (__Interrupt64)?ABSOLUTE (__Interrupt64):ABSOLUTE (__DefaultInterrupt)
                  0x000196          0x4 LONG 0x273c DEFINED (__AltU1ErrInterrupt)?ABSOLUTE (__AltU1ErrInterrupt):DEFINED (__U1ErrInterrupt)?ABSOLUTE (__U1ErrInterrupt):ABSOLUTE (__DefaultInterrupt)
                  0x000198          0x4 LONG 0x273c DEFINED (__AltU2ErrInterrupt)?ABSOLUTE (__AltU2ErrInterrupt):DEFINED (__U2ErrInterrupt)?ABSOLUTE (__U2ErrInterrupt):ABSOLUTE (__DefaultInterrupt)
                  0x00019a          0x4 LONG 0x273c DEFINED (__AltInterrupt67)?ABSOLUTE (__AltInterrupt67):DEFINED (__Interrupt67)?ABSOLUTE (__Interrupt67):ABSOLUTE (__DefaultInterrupt)
                  0x00019c          0x4 LONG 0x273c DEFINED (__AltInterrupt68)?ABSOLUTE (__AltInterrupt68):DEFINED (__Interrupt68)?ABSOLUTE (__Interrupt68):ABSOLUTE (__DefaultInterrupt)
                  0x00019e          0x4 LONG 0x273c DEFINED (__AltInterrupt69)?ABSOLUTE (__AltInterrupt69):DEFINED (__Interrupt69)?ABSOLUTE (__Interrupt69):ABSOLUTE (__DefaultInterrupt)
                  0x0001a0          0x4 LONG 0x273c DEFINED (__AltInterrupt70)?ABSOLUTE (__AltInterrupt70):DEFINED (__Interrupt70)?ABSOLUTE (__Interrupt70):ABSOLUTE (__DefaultInterrupt)
                  0x0001a2          0x4 LONG 0x273c DEFINED (__AltInterrupt71)?ABSOLUTE (__AltInterrupt71):DEFINED (__Interrupt71)?ABSOLUTE (__Interrupt71):ABSOLUTE (__DefaultInterrupt)
                  0x0001a4          0x4 LONG 0x273c DEFINED (__AltHLVDInterrupt)?ABSOLUTE (__AltHLVDInterrupt):DEFINED (__HLVDInterrupt)?ABSOLUTE (__HLVDInterrupt):ABSOLUTE (__DefaultInterrupt)
                  0x0001a6          0x4 LONG 0x273c DEFINED (__AltInterrupt73)?ABSOLUTE (__AltInterrupt73):DEFINED (__Interrupt73)?ABSOLUTE (__Interrupt73):ABSOLUTE (__DefaultInterrupt)
                  0x0001a8          0x4 LONG 0x273c DEFINED (__AltInterrupt74)?ABSOLUTE (__AltInterrupt74):DEFINED (__Interrupt74)?ABSOLUTE (__Interrupt74):ABSOLUTE (__DefaultInterrupt)
                  0x0001aa          0x4 LONG 0x273c DEFINED (__AltInterrupt75)?ABSOLUTE (__AltInterrupt75):DEFINED (__Interrupt75)?ABSOLUTE (__Interrupt75):ABSOLUTE (__DefaultInterrupt)
                  0x0001ac          0x4 LONG 0x273c DEFINED (__AltInterrupt76)?ABSOLUTE (__AltInterrupt76):DEFINED (__Interrupt76)?ABSOLUTE (__Interrupt76):ABSOLUTE (__DefaultInterrupt)
                  0x0001ae          0x4 LONG 0x273c DEFINED (__AltInterrupt77)?ABSOLUTE (__AltInterrupt77):DEFINED (__Interrupt77)?ABSOLUTE (__Interrupt77):ABSOLUTE (__DefaultInterrupt)
                  0x0001b0          0x4 LONG 0x273c DEFINED (__AltInterrupt78)?ABSOLUTE (__AltInterrupt78):DEFINED (__Interrupt78)?ABSOLUTE (__Interrupt78):ABSOLUTE (__DefaultInterrupt)
                  0x0001b2          0x4 LONG 0x273c DEFINED (__AltInterrupt79)?ABSOLUTE (__AltInterrupt79):DEFINED (__Interrupt79)?ABSOLUTE (__Interrupt79):ABSOLUTE (__DefaultInterrupt)
                  0x0001b4          0x4 LONG 0x273c DEFINED (__AltULPWUInterrupt)?ABSOLUTE (__AltULPWUInterrupt):DEFINED (__ULPWUInterrupt)?ABSOLUTE (__ULPWUInterrupt):ABSOLUTE (__DefaultInterrupt)
                  0x0001b6          0x4 LONG 0x273c DEFINED (__AltInterrupt81)?ABSOLUTE (__AltInterrupt81):DEFINED (__Interrupt81)?ABSOLUTE (__Interrupt81):ABSOLUTE (__DefaultInterrupt)
                  0x0001b8          0x4 LONG 0x273c DEFINED (__AltInterrupt82)?ABSOLUTE (__AltInterrupt82):DEFINED (__Interrupt82)?ABSOLUTE (__Interrupt82):ABSOLUTE (__DefaultInterrupt)
                  0x0001ba          0x4 LONG 0x273c DEFINED (__AltInterrupt83)?ABSOLUTE (__AltInterrupt83):DEFINED (__Interrupt83)?ABSOLUTE (__Interrupt83):ABSOLUTE (__DefaultInterrupt)
                  0x0001bc          0x4 LONG 0x273c DEFINED (__AltInterrupt84)?ABSOLUTE (__AltInterrupt84):DEFINED (__Interrupt84)?ABSOLUTE (__Interrupt84):ABSOLUTE (__DefaultInterrupt)
                  0x0001be          0x4 LONG 0x273c DEFINED (__AltInterrupt85)?ABSOLUTE (__AltInterrupt85):DEFINED (__Interrupt85)?ABSOLUTE (__Interrupt85):ABSOLUTE (__DefaultInterrupt)
                  0x0001c0          0x4 LONG 0x273c DEFINED (__AltInterrupt86)?ABSOLUTE (__AltInterrupt86):DEFINED (__Interrupt86)?ABSOLUTE (__Interrupt86):ABSOLUTE (__DefaultInterrupt)
                  0x0001c2          0x4 LONG 0x273c DEFINED (__AltInterrupt87)?ABSOLUTE (__AltInterrupt87):DEFINED (__Interrupt87)?ABSOLUTE (__Interrupt87):ABSOLUTE (__DefaultInterrupt)
                  0x0001c4          0x4 LONG 0x273c DEFINED (__AltInterrupt88)?ABSOLUTE (__AltInterrupt88):DEFINED (__Interrupt88)?ABSOLUTE (__Interrupt88):ABSOLUTE (__DefaultInterrupt)
                  0x0001c6          0x4 LONG 0x273c DEFINED (__AltInterrupt89)?ABSOLUTE (__AltInterrupt89):DEFINED (__Interrupt89)?ABSOLUTE (__Interrupt89):ABSOLUTE (__DefaultInterrupt)
                  0x0001c8          0x4 LONG 0x273c DEFINED (__AltInterrupt90)?ABSOLUTE (__AltInterrupt90):DEFINED (__Interrupt90)?ABSOLUTE (__Interrupt90):ABSOLUTE (__DefaultInterrupt)
                  0x0001ca          0x4 LONG 0x273c DEFINED (__AltInterrupt91)?ABSOLUTE (__AltInterrupt91):DEFINED (__Interrupt91)?ABSOLUTE (__Interrupt91):ABSOLUTE (__DefaultInterrupt)
                  0x0001cc          0x4 LONG 0x273c DEFINED (__AltInterrupt92)?ABSOLUTE (__AltInterrupt92):DEFINED (__Interrupt92)?ABSOLUTE (__Interrupt92):ABSOLUTE (__DefaultInterrupt)
                  0x0001ce          0x4 LONG 0x273c DEFINED (__AltInterrupt93)?ABSOLUTE (__AltInterrupt93):DEFINED (__Interrupt93)?ABSOLUTE (__Interrupt93):ABSOLUTE (__DefaultInterrupt)
                  0x0001d0          0x4 LONG 0x273c DEFINED (__AltInterrupt94)?ABSOLUTE (__AltInterrupt94):DEFINED (__Interrupt94)?ABSOLUTE (__Interrupt94):ABSOLUTE (__DefaultInterrupt)
                  0x0001d2          0x4 LONG 0x273c DEFINED (__AltInterrupt95)?ABSOLUTE (__AltInterrupt95):DEFINED (__Interrupt95)?ABSOLUTE (__Interrupt95):ABSOLUTE (__DefaultInterrupt)
                  0x0001d4          0x4 LONG 0x273c DEFINED (__AltInterrupt96)?ABSOLUTE (__AltInterrupt96):DEFINED (__Interrupt96)?ABSOLUTE (__Interrupt96):ABSOLUTE (__DefaultInterrupt)
                  0x0001d6          0x4 LONG 0x273c DEFINED (__AltInterrupt97)?ABSOLUTE (__AltInterrupt97):DEFINED (__Interrupt97)?ABSOLUTE (__Interrupt97):ABSOLUTE (__DefaultInterrupt)
                  0x0001d8          0x4 LONG 0x273c DEFINED (__AltInterrupt98)?ABSOLUTE (__AltInterrupt98):DEFINED (__Interrupt98)?ABSOLUTE (__Interrupt98):ABSOLUTE (__DefaultInterrupt)
                  0x0001da          0x4 LONG 0x273c DEFINED (__AltInterrupt99)?ABSOLUTE (__AltInterrupt99):DEFINED (__Interrupt99)?ABSOLUTE (__Interrupt99):ABSOLUTE (__DefaultInterrupt)
                  0x0001dc          0x4 LONG 0x273c DEFINED (__AltInterrupt100)?ABSOLUTE (__AltInterrupt100):DEFINED (__Interrupt100)?ABSOLUTE (__Interrupt100):ABSOLUTE (__DefaultInterrupt)
                  0x0001de          0x4 LONG 0x273c DEFINED (__AltInterrupt101)?ABSOLUTE (__AltInterrupt101):DEFINED (__Interrupt101)?ABSOLUTE (__Interrupt101):ABSOLUTE (__DefaultInterrupt)
                  0x0001e0          0x4 LONG 0x273c DEFINED (__AltInterrupt102)?ABSOLUTE (__AltInterrupt102):DEFINED (__Interrupt102)?ABSOLUTE (__Interrupt102):ABSOLUTE (__DefaultInterrupt)
                  0x0001e2          0x4 LONG 0x273c DEFINED (__AltInterrupt103)?ABSOLUTE (__AltInterrupt103):DEFINED (__Interrupt103)?ABSOLUTE (__Interrupt103):ABSOLUTE (__DefaultInterrupt)
                  0x0001e4          0x4 LONG 0x273c DEFINED (__AltInterrupt104)?ABSOLUTE (__AltInterrupt104):DEFINED (__Interrupt104)?ABSOLUTE (__Interrupt104):ABSOLUTE (__DefaultInterrupt)
                  0x0001e6          0x4 LONG 0x273c DEFINED (__AltInterrupt105)?ABSOLUTE (__AltInterrupt105):DEFINED (__Interrupt105)?ABSOLUTE (__Interrupt105):ABSOLUTE (__DefaultInterrupt)
                  0x0001e8          0x4 LONG 0x273c DEFINED (__AltInterrupt106)?ABSOLUTE (__AltInterrupt106):DEFINED (__Interrupt106)?ABSOLUTE (__Interrupt106):ABSOLUTE (__DefaultInterrupt)
                  0x0001ea          0x4 LONG 0x273c DEFINED (__AltInterrupt107)?ABSOLUTE (__AltInterrupt107):DEFINED (__Interrupt107)?ABSOLUTE (__Interrupt107):ABSOLUTE (__DefaultInterrupt)
                  0x0001ec          0x4 LONG 0x273c DEFINED (__AltInterrupt108)?ABSOLUTE (__AltInterrupt108):DEFINED (__Interrupt108)?ABSOLUTE (__Interrupt108):ABSOLUTE (__DefaultInterrupt)
                  0x0001ee          0x4 LONG 0x273c DEFINED (__AltInterrupt109)?ABSOLUTE (__AltInterrupt109):DEFINED (__Interrupt109)?ABSOLUTE (__Interrupt109):ABSOLUTE (__DefaultInterrupt)
                  0x0001f0          0x4 LONG 0x273c DEFINED (__AltInterrupt110)?ABSOLUTE (__AltInterrupt110):DEFINED (__Interrupt110)?ABSOLUTE (__Interrupt110):ABSOLUTE (__DefaultInterrupt)
                  0x0001f2          0x4 LONG 0x273c DEFINED (__AltInterrupt111)?ABSOLUTE (__AltInterrupt111):DEFINED (__Interrupt111)?ABSOLUTE (__Interrupt111):ABSOLUTE (__DefaultInterrupt)
                  0x0001f4          0x4 LONG 0x273c DEFINED (__AltInterrupt112)?ABSOLUTE (__AltInterrupt112):DEFINED (__Interrupt112)?ABSOLUTE (__Interrupt112):ABSOLUTE (__DefaultInterrupt)
                  0x0001f6          0x4 LONG 0x273c DEFINED (__AltInterrupt113)?ABSOLUTE (__AltInterrupt113):DEFINED (__Interrupt113)?ABSOLUTE (__Interrupt113):ABSOLUTE (__DefaultInterrupt)
                  0x0001f8          0x4 LONG 0x273c DEFINED (__AltInterrupt114)?ABSOLUTE (__AltInterrupt114):DEFINED (__Interrupt114)?ABSOLUTE (__Interrupt114):ABSOLUTE (__DefaultInterrupt)
                  0x0001fa          0x4 LONG 0x273c DEFINED (__AltInterrupt115)?ABSOLUTE (__AltInterrupt115):DEFINED (__Interrupt115)?ABSOLUTE (__Interrupt115):ABSOLUTE (__DefaultInterrupt)
                  0x0001fc          0x4 LONG 0x273c DEFINED (__AltInterrupt116)?ABSOLUTE (__AltInterrupt116):DEFINED (__Interrupt116)?ABSOLUTE (__Interrupt116):ABSOLUTE (__DefaultInterrupt)
                  0x0001fe          0x4 LONG 0x273c DEFINED (__AltInterrupt117)?ABSOLUTE (__AltInterrupt117):DEFINED (__Interrupt117)?ABSOLUTE (__Interrupt117):ABSOLUTE (__DefaultInterrupt)
                    0x0000                  WREG0 = 0x0
                    0x0000                  _WREG0 = 0x0
                    0x0002                  WREG1 = 0x2
                    0x0002                  _WREG1 = 0x2
                    0x0004                  WREG2 = 0x4
                    0x0004                  _WREG2 = 0x4
                    0x0006                  WREG3 = 0x6
                    0x0006                  _WREG3 = 0x6
                    0x0008                  WREG4 = 0x8
                    0x0008                  _WREG4 = 0x8
                    0x000a                  WREG5 = 0xa
                    0x000a                  _WREG5 = 0xa
                    0x000c                  WREG6 = 0xc
                    0x000c                  _WREG6 = 0xc
                    0x000e                  WREG7 = 0xe
                    0x000e                  _WREG7 = 0xe
                    0x0010                  WREG8 = 0x10
                    0x0010                  _WREG8 = 0x10
                    0x0012                  WREG9 = 0x12
                    0x0012                  _WREG9 = 0x12
                    0x0014                  WREG10 = 0x14
                    0x0014                  _WREG10 = 0x14
                    0x0016                  WREG11 = 0x16
                    0x0016                  _WREG11 = 0x16
                    0x0018                  WREG12 = 0x18
                    0x0018                  _WREG12 = 0x18
                    0x001a                  WREG13 = 0x1a
                    0x001a                  _WREG13 = 0x1a
                    0x001c                  WREG14 = 0x1c
                    0x001c                  _WREG14 = 0x1c
                    0x001e                  WREG15 = 0x1e
                    0x001e                  _WREG15 = 0x1e
                    0x0020                  SPLIM = 0x20
                    0x0020                  _SPLIM = 0x20
                    0x002e                  PCL = 0x2e
                    0x002e                  _PCL = 0x2e
                    0x0030                  PCH = 0x30
                    0x0030                  _PCH = 0x30
                    0x0032                  TBLPAG = 0x32
                    0x0032                  _TBLPAG = 0x32
                    0x0034                  PSVPAG = 0x34
                    0x0034                  _PSVPAG = 0x34
                    0x0036                  RCOUNT = 0x36
                    0x0036                  _RCOUNT = 0x36
                    0x0042                  SR = 0x42
                    0x0042                  _SR = 0x42
                    0x0042                  _SRbits = 0x42
                    0x0044                  CORCON = 0x44
                    0x0044                  _CORCON = 0x44
                    0x0044                  _CORCONbits = 0x44
                    0x0052                  DISICNT = 0x52
                    0x0052                  _DISICNT = 0x52
                    0x0056                  CNPD1 = 0x56
                    0x0056                  _CNPD1 = 0x56
                    0x0056                  _CNPD1bits = 0x56
                    0x0058                  CNPD2 = 0x58
                    0x0058                  _CNPD2 = 0x58
                    0x0058                  _CNPD2bits = 0x58
                    0x0062                  CNEN1 = 0x62
                    0x0062                  _CNEN1 = 0x62
                    0x0062                  _CNEN1bits = 0x62
                    0x0064                  CNEN2 = 0x64
                    0x0064                  _CNEN2 = 0x64
                    0x0064                  _CNEN2bits = 0x64
                    0x006e                  CNPU1 = 0x6e
                    0x006e                  _CNPU1 = 0x6e
                    0x006e                  _CNPU1bits = 0x6e
                    0x0070                  CNPU2 = 0x70
                    0x0070                  _CNPU2 = 0x70
                    0x0070                  _CNPU2bits = 0x70
                    0x0080                  INTCON1 = 0x80
                    0x0080                  _INTCON1 = 0x80
                    0x0080                  _INTCON1bits = 0x80
                    0x0082                  INTCON2 = 0x82
                    0x0082                  _INTCON2 = 0x82
                    0x0082                  _INTCON2bits = 0x82
                    0x0084                  IFS0 = 0x84
                    0x0084                  _IFS0 = 0x84
                    0x0084                  _IFS0bits = 0x84
                    0x0086                  IFS1 = 0x86
                    0x0086                  _IFS1 = 0x86
                    0x0086                  _IFS1bits = 0x86
                    0x0088                  IFS2 = 0x88
                    0x0088                  _IFS2 = 0x88
                    0x0088                  _IFS2bits = 0x88
                    0x008a                  IFS3 = 0x8a
                    0x008a                  _IFS3 = 0x8a
                    0x008a                  _IFS3bits = 0x8a
                    0x008c                  IFS4 = 0x8c
                    0x008c                  _IFS4 = 0x8c
                    0x008c                  _IFS4bits = 0x8c
                    0x008e                  IFS5 = 0x8e
                    0x008e                  _IFS5 = 0x8e
                    0x008e                  _IFS5bits = 0x8e
                    0x0094                  IEC0 = 0x94
                    0x0094                  _IEC0 = 0x94
                    0x0094                  _IEC0bits = 0x94
                    0x0096                  IEC1 = 0x96
                    0x0096                  _IEC1 = 0x96
                    0x0096                  _IEC1bits = 0x96
                    0x0098                  IEC2 = 0x98
                    0x0098                  _IEC2 = 0x98
                    0x0098                  _IEC2bits = 0x98
                    0x009a                  IEC3 = 0x9a
                    0x009a                  _IEC3 = 0x9a
                    0x009a                  _IEC3bits = 0x9a
                    0x009c                  IEC4 = 0x9c
                    0x009c                  _IEC4 = 0x9c
                    0x009c                  _IEC4bits = 0x9c
                    0x009e                  IEC5 = 0x9e
                    0x009e                  _IEC5 = 0x9e
                    0x009e                  _IEC5bits = 0x9e
                    0x00a4                  IPC0 = 0xa4
                    0x00a4                  _IPC0 = 0xa4
                    0x00a4                  _IPC0bits = 0xa4
                    0x00a6                  IPC1 = 0xa6
                    0x00a6                  _IPC1 = 0xa6
                    0x00a6                  _IPC1bits = 0xa6
                    0x00a8                  IPC2 = 0xa8
                    0x00a8                  _IPC2 = 0xa8
                    0x00a8                  _IPC2bits = 0xa8
                    0x00aa                  IPC3 = 0xaa
                    0x00aa                  _IPC3 = 0xaa
                    0x00aa                  _IPC3bits = 0xaa
                    0x00ac                  IPC4 = 0xac
                    0x00ac                  _IPC4 = 0xac
                    0x00ac                  _IPC4bits = 0xac
                    0x00ae                  IPC5 = 0xae
                    0x00ae                  _IPC5 = 0xae
                    0x00ae                  _IPC5bits = 0xae
                    0x00b0                  IPC6 = 0xb0
                    0x00b0                  _IPC6 = 0xb0
                    0x00b0                  _IPC6bits = 0xb0
                    0x00b2                  IPC7 = 0xb2
                    0x00b2                  _IPC7 = 0xb2
                    0x00b2                  _IPC7bits = 0xb2
                    0x00b6                  IPC9 = 0xb6
                    0x00b6                  _IPC9 = 0xb6
                    0x00b6                  _IPC9bits = 0xb6
                    0x00bc                  IPC12 = 0xbc
                    0x00bc                  _IPC12 = 0xbc
                    0x00bc                  _IPC12bits = 0xbc
                    0x00c4                  IPC16 = 0xc4
                    0x00c4                  _IPC16 = 0xc4
                    0x00c4                  _IPC16bits = 0xc4
                    0x00c8                  IPC18 = 0xc8
                    0x00c8                  _IPC18 = 0xc8
                    0x00c8                  _IPC18bits = 0xc8
                    0x00cc                  IPC20 = 0xcc
                    0x00cc                  _IPC20 = 0xcc
                    0x00cc                  _IPC20bits = 0xcc
                    0x0100                  TMR1 = 0x100
                    0x0100                  _TMR1 = 0x100
                    0x0102                  PR1 = 0x102
                    0x0102                  _PR1 = 0x102
                    0x0104                  T1CON = 0x104
                    0x0104                  _T1CON = 0x104
                    0x0104                  _T1CONbits = 0x104
                    0x0106                  TMR2 = 0x106
                    0x0106                  _TMR2 = 0x106
                    0x0108                  PR2 = 0x108
                    0x0108                  _PR2 = 0x108
                    0x010a                  T2CON = 0x10a
                    0x010a                  _T2CON = 0x10a
                    0x010a                  _T2CONbits = 0x10a
                    0x010c                  TMR3 = 0x10c
                    0x010c                  _TMR3 = 0x10c
                    0x010e                  T3GCON = 0x10e
                    0x010e                  _T3GCON = 0x10e
                    0x010e                  _T3GCONbits = 0x10e
                    0x0110                  T3CON = 0x110
                    0x0110                  _T3CON = 0x110
                    0x0110                  _T3CONbits = 0x110
                    0x0112                  TMR4 = 0x112
                    0x0112                  _TMR4 = 0x112
                    0x0114                  PR4 = 0x114
                    0x0114                  _PR4 = 0x114
                    0x0116                  T4CON = 0x116
                    0x0116                  _T4CON = 0x116
                    0x0116                  _T4CONbits = 0x116
                    0x013c                  CCPTMRS0 = 0x13c
                    0x013c                  _CCPTMRS0 = 0x13c
                    0x013c                  _CCPTMRS0bits = 0x13c
                    0x0190                  CCP1CON = 0x190
                    0x0190                  _CCP1CON = 0x190
                    0x0190                  _CCP1CONbits = 0x190
                    0x0190                  ECCP1CON = 0x190
                    0x0190                  _ECCP1CON = 0x190
                    0x0190                  _ECCP1CONbits = 0x190
                    0x0192                  CCPR1 = 0x192
                    0x0192                  _CCPR1 = 0x192
                    0x0192                  CCPR1L = 0x192
                    0x0192                  _CCPR1L = 0x192
                    0x0194                  CCPR1H = 0x194
                    0x0194                  _CCPR1H = 0x194
                    0x0196                  ECCP1DEL = 0x196
                    0x0196                  _ECCP1DEL = 0x196
                    0x0196                  _ECCP1DELbits = 0x196
                    0x0196                  PWM1CON = 0x196
                    0x0196                  _PWM1CON = 0x196
                    0x0196                  _PWM1CONbits = 0x196
                    0x0198                  ECCP1AS = 0x198
                    0x0198                  _ECCP1AS = 0x198
                    0x0198                  _ECCP1ASbits = 0x198
                    0x019a                  PSTR1CON = 0x19a
                    0x019a                  _PSTR1CON = 0x19a
                    0x019a                  _PSTR1CONbits = 0x19a
                    0x019c                  CCP2CON = 0x19c
                    0x019c                  _CCP2CON = 0x19c
                    0x019c                  _CCP2CONbits = 0x19c
                    0x019e                  CCPR2 = 0x19e
                    0x019e                  _CCPR2 = 0x19e
                    0x019e                  CCPR2L = 0x19e
                    0x019e                  _CCPR2L = 0x19e
                    0x01a0                  CCPR2H = 0x1a0
                    0x01a0                  _CCPR2H = 0x1a0
                    0x01a8                  CCP3CON = 0x1a8
                    0x01a8                  _CCP3CON = 0x1a8
                    0x01a8                  _CCP3CONbits = 0x1a8
                    0x01aa                  CCPR3 = 0x1aa
                    0x01aa                  _CCPR3 = 0x1aa
                    0x01aa                  CCPR3L = 0x1aa
                    0x01aa                  _CCPR3L = 0x1aa
                    0x01ac                  CCPR3H = 0x1ac
                    0x01ac                  _CCPR3H = 0x1ac
                    0x0200                  SPI1BUF = 0x200
                    0x0200                  _SPI1BUF = 0x200
                    0x0200                  _SPI1BUFbits = 0x200
                    0x0200                  SSP1BUF = 0x200
                    0x0200                  _SSP1BUF = 0x200
                    0x0200                  _SSP1BUFbits = 0x200
                    0x0202                  SSP1CON1 = 0x202
                    0x0202                  _SSP1CON1 = 0x202
                    0x0202                  _SSP1CON1bits = 0x202
                    0x0204                  SSP1CON2 = 0x204
                    0x0204                  _SSP1CON2 = 0x204
                    0x0204                  _SSP1CON2bits = 0x204
                    0x0206                  SSP1CON3 = 0x206
                    0x0206                  _SSP1CON3 = 0x206
                    0x0206                  _SSP1CON3bits = 0x206
                    0x0208                  SSP1STAT = 0x208
                    0x0208                  _SSP1STAT = 0x208
                    0x0208                  _SSP1STATbits = 0x208
                    0x020a                  I2C1ADD = 0x20a
                    0x020a                  _I2C1ADD = 0x20a
                    0x020a                  _I2C1ADDbits = 0x20a
                    0x020a                  SSP1ADD = 0x20a
                    0x020a                  _SSP1ADD = 0x20a
                    0x020a                  _SSP1ADDbits = 0x20a
                    0x020c                  I2C1MSK = 0x20c
                    0x020c                  _I2C1MSK = 0x20c
                    0x020c                  _I2C1MSKbits = 0x20c
                    0x020c                  SSP1MSK = 0x20c
                    0x020c                  _SSP1MSK = 0x20c
                    0x020c                  _SSP1MSKbits = 0x20c
                    0x0210                  SPI2BUF = 0x210
                    0x0210                  _SPI2BUF = 0x210
                    0x0210                  _SPI2BUFbits = 0x210
                    0x0210                  SSP2BUF = 0x210
                    0x0210                  _SSP2BUF = 0x210
                    0x0210                  _SSP2BUFbits = 0x210
                    0x0212                  SSP2CON1 = 0x212
                    0x0212                  _SSP2CON1 = 0x212
                    0x0212                  _SSP2CON1bits = 0x212
                    0x0214                  SSP2CON2 = 0x214
                    0x0214                  _SSP2CON2 = 0x214
                    0x0214                  _SSP2CON2bits = 0x214
                    0x0216                  SSP2CON3 = 0x216
                    0x0216                  _SSP2CON3 = 0x216
                    0x0216                  _SSP2CON3bits = 0x216
                    0x0218                  SSP2STAT = 0x218
                    0x0218                  _SSP2STAT = 0x218
                    0x0218                  _SSP2STATbits = 0x218
                    0x021a                  I2C2ADD = 0x21a
                    0x021a                  _I2C2ADD = 0x21a
                    0x021a                  _I2C2ADDbits = 0x21a
                    0x021a                  SSP2ADD = 0x21a
                    0x021a                  _SSP2ADD = 0x21a
                    0x021a                  _SSP2ADDbits = 0x21a
                    0x021c                  I2C2MSK = 0x21c
                    0x021c                  _I2C2MSK = 0x21c
                    0x021c                  _I2C2MSKbits = 0x21c
                    0x021c                  SSP2MSK = 0x21c
                    0x021c                  _SSP2MSK = 0x21c
                    0x021c                  _SSP2MSKbits = 0x21c
                    0x0220                  U1MODE = 0x220
                    0x0220                  _U1MODE = 0x220
                    0x0220                  _U1MODEbits = 0x220
                    0x0222                  U1STA = 0x222
                    0x0222                  _U1STA = 0x222
                    0x0222                  _U1STAbits = 0x222
                    0x0224                  U1TXREG = 0x224
                    0x0224                  _U1TXREG = 0x224
                    0x0224                  _U1TXREGbits = 0x224
                    0x0226                  U1RXREG = 0x226
                    0x0226                  _U1RXREG = 0x226
                    0x0226                  _U1RXREGbits = 0x226
                    0x0228                  U1BRG = 0x228
                    0x0228                  _U1BRG = 0x228
                    0x0230                  U2MODE = 0x230
                    0x0230                  _U2MODE = 0x230
                    0x0230                  _U2MODEbits = 0x230
                    0x0232                  U2STA = 0x232
                    0x0232                  _U2STA = 0x232
                    0x0232                  _U2STAbits = 0x232
                    0x0234                  U2TXREG = 0x234
                    0x0234                  _U2TXREG = 0x234
                    0x0234                  _U2TXREGbits = 0x234
                    0x0236                  U2RXREG = 0x236
                    0x0236                  _U2RXREG = 0x236
                    0x0236                  _U2RXREGbits = 0x236
                    0x0238                  U2BRG = 0x238
                    0x0238                  _U2BRG = 0x238
                    0x02c0                  TRISA = 0x2c0
                    0x02c0                  _TRISA = 0x2c0
                    0x02c0                  _TRISAbits = 0x2c0
                    0x02c2                  PORTA = 0x2c2
                    0x02c2                  _PORTA = 0x2c2
                    0x02c2                  _PORTAbits = 0x2c2
                    0x02c4                  LATA = 0x2c4
                    0x02c4                  _LATA = 0x2c4
                    0x02c4                  _LATAbits = 0x2c4
                    0x02c6                  ODCA = 0x2c6
                    0x02c6                  _ODCA = 0x2c6
                    0x02c6                  _ODCAbits = 0x2c6
                    0x02c8                  TRISB = 0x2c8
                    0x02c8                  _TRISB = 0x2c8
                    0x02c8                  _TRISBbits = 0x2c8
                    0x02ca                  PORTB = 0x2ca
                    0x02ca                  _PORTB = 0x2ca
                    0x02ca                  _PORTBbits = 0x2ca
                    0x02cc                  LATB = 0x2cc
                    0x02cc                  _LATB = 0x2cc
                    0x02cc                  _LATBbits = 0x2cc
                    0x02ce                  ODCB = 0x2ce
                    0x02ce                  _ODCB = 0x2ce
                    0x02ce                  _ODCBbits = 0x2ce
                    0x02fc                  PADCFG1 = 0x2fc
                    0x02fc                  _PADCFG1 = 0x2fc
                    0x02fc                  _PADCFG1bits = 0x2fc
                    0x0300                  ADC1BUF0 = 0x300
                    0x0300                  _ADC1BUF0 = 0x300
                    0x0302                  ADC1BUF1 = 0x302
                    0x0302                  _ADC1BUF1 = 0x302
                    0x0320                  AD1CON1 = 0x320
                    0x0320                  _AD1CON1 = 0x320
                    0x0320                  _AD1CON1bits = 0x320
                    0x0322                  AD1CON2 = 0x322
                    0x0322                  _AD1CON2 = 0x322
                    0x0322                  _AD1CON2bits = 0x322
                    0x0324                  AD1CON3 = 0x324
                    0x0324                  _AD1CON3 = 0x324
                    0x0324                  _AD1CON3bits = 0x324
                    0x0328                  AD1CHS = 0x328
                    0x0328                  _AD1CHS = 0x328
                    0x0328                  _AD1CHSbits = 0x328
                    0x0330                  AD1CSSL = 0x330
                    0x0330                  _AD1CSSL = 0x330
                    0x0330                  _AD1CSSLbits = 0x330
                    0x04de                  ANCFG = 0x4de
                    0x04de                  _ANCFG = 0x4de
                    0x04de                  _ANCFGbits = 0x4de
                    0x04e0                  ANSA = 0x4e0
                    0x04e0                  _ANSA = 0x4e0
                    0x04e0                  _ANSAbits = 0x4e0
                    0x04e0                  ANSELA = 0x4e0
                    0x04e0                  _ANSELA = 0x4e0
                    0x04e0                  _ANSELAbits = 0x4e0
                    0x04e2                  ANSB = 0x4e2
                    0x04e2                  _ANSB = 0x4e2
                    0x04e2                  _ANSBbits = 0x4e2
                    0x04e2                  ANSELB = 0x4e2
                    0x04e2                  _ANSELB = 0x4e2
                    0x04e2                  _ANSELBbits = 0x4e2
                    0x0630                  CMSTAT = 0x630
                    0x0630                  _CMSTAT = 0x630
                    0x0630                  _CMSTATbits = 0x630
                    0x0632                  CVRCON = 0x632
                    0x0632                  _CVRCON = 0x632
                    0x0632                  _CVRCONbits = 0x632
                    0x0634                  CM1CON = 0x634
                    0x0634                  _CM1CON = 0x634
                    0x0634                  _CM1CONbits = 0x634
                    0x0636                  CM2CON = 0x636
                    0x0636                  _CM2CON = 0x636
                    0x0636                  _CM2CONbits = 0x636
                    0x0740                  RCON = 0x740
                    0x0740                  _RCON = 0x740
                    0x0740                  _RCONbits = 0x740
                    0x0742                  OSCCON = 0x742
                    0x0742                  _OSCCON = 0x742
                    0x0742                  _OSCCONbits = 0x742
                    0x0742                  OSCCONL = 0x742
                    0x0742                  _OSCCONL = 0x742
                    0x0743                  OSCCONH = 0x743
                    0x0743                  _OSCCONH = 0x743
                    0x0744                  CLKDIV = 0x744
                    0x0744                  _CLKDIV = 0x744
                    0x0744                  _CLKDIVbits = 0x744
                    0x0748                  OSCTUN = 0x748
                    0x0748                  _OSCTUN = 0x748
                    0x0748                  _OSCTUNbits = 0x748
                    0x074e                  REFOCON = 0x74e
                    0x074e                  _REFOCON = 0x74e
                    0x074e                  _REFOCONbits = 0x74e
                    0x0756                  HLVDCON = 0x756
                    0x0756                  _HLVDCON = 0x756
                    0x0756                  _HLVDCONbits = 0x756
                    0x0760                  NVMCON = 0x760
                    0x0760                  _NVMCON = 0x760
                    0x0760                  _NVMCONbits = 0x760
                    0x0766                  NVMKEY = 0x766
                    0x0766                  _NVMKEY = 0x766
                    0x0766                  _NVMKEYbits = 0x766
                    0x0768                  ULPWCON = 0x768
                    0x0768                  _ULPWCON = 0x768
                    0x0768                  _ULPWCONbits = 0x768
                    0x0770                  PMD1 = 0x770
                    0x0770                  _PMD1 = 0x770
                    0x0770                  _PMD1bits = 0x770
                    0x0770                  PMDIS1 = 0x770
                    0x0770                  _PMDIS1 = 0x770
                    0x0770                  _PMDIS1bits = 0x770
                    0x0772                  PMD2 = 0x772
                    0x0772                  _PMD2 = 0x772
                    0x0772                  _PMD2bits = 0x772
                    0x0772                  PMDIS2 = 0x772
                    0x0772                  _PMDIS2 = 0x772
                    0x0772                  _PMDIS2bits = 0x772
                    0x0774                  PMD3 = 0x774
                    0x0774                  _PMD3 = 0x774
                    0x0774                  _PMD3bits = 0x774
                    0x0774                  PMDIS3 = 0x774
                    0x0774                  _PMDIS3 = 0x774
                    0x0774                  _PMDIS3bits = 0x774
                    0x0776                  PMD4 = 0x776
                    0x0776                  _PMD4 = 0x776
                    0x0776                  _PMD4bits = 0x776
                    0x0776                  PMDIS4 = 0x776
                    0x0776                  _PMDIS4 = 0x776
                    0x0776                  _PMDIS4bits = 0x776
                    0x0220                  UART1 = 0x220
                    0x0220                  _UART1 = 0x220
                    0x0230                  UART2 = 0x230
                    0x0230                  _UART2 = 0x230
START GROUP
LOAD c:/program files/microchip/mplab c30/bin/bin/../../lib\libpic30-elf.a
LOAD c:/program files/microchip/mplab c30/bin/bin/../../lib\libm-elf.a
LOAD c:/program files/microchip/mplab c30/bin/bin/../../lib\libc-elf.a
END GROUP
OUTPUT(dist/XC16_24FJ256GA110/production/new_SDL_pic_code.X.production.elf elf32-pic30)
LOAD data_init

__c30_signature
                  0x000120         0xa2
 __c30_signature
                  0x000120          0x6 build/XC16_24FJ256GA110/production/configuration_bits.o
 __c30_signature
                  0x000126          0x6 build/XC16_24FJ256GA110/production/interrupts.o
 __c30_signature
                  0x00012c          0x6 build/XC16_24FJ256GA110/production/main.o
 __c30_signature
                  0x000132          0x6 build/XC16_24FJ256GA110/production/system.o
 __c30_signature
                  0x000138          0x6 build/XC16_24FJ256GA110/production/traps.o
 __c30_signature
                  0x00013e          0x6 build/XC16_24FJ256GA110/production/user.o
 __c30_signature
                  0x000144          0x6 build/XC16_24FJ256GA110/production/database.o
 __c30_signature
                  0x00014a          0x6 build/XC16_24FJ256GA110/production/debug.o
 __c30_signature
                  0x000150          0x6 build/XC16_24FJ256GA110/production/event.o
 __c30_signature
                  0x000156          0x6 build/XC16_24FJ256GA110/production/fingerPrintReader.o
 __c30_signature
                  0x00015c          0x6 build/XC16_24FJ256GA110/production/miscHardware.o
 __c30_signature
                  0x000162          0x6 build/XC16_24FJ256GA110/production/wifi.o
 __c30_signature
                  0x000168          0x6 c:/program files/microchip/mplab c30/bin/bin/../../lib\libpic30-elf.a(crt0_standard.o)
 __c30_signature
                  0x00016e          0x6 c:/program files/microchip/mplab c30/bin/bin/../../lib\libpic30-elf.a(data_init_standard.o)
 __c30_signature
                  0x000174          0x6 c:/program files/microchip/mplab c30/bin/bin/../../lib\libc-elf.a(atoi.XXeo)
 __c30_signature
                  0x00017a          0x6 c:/program files/microchip/mplab c30/bin/bin/../../lib\libc-elf.a(itoa.XXeo)
 __c30_signature
                  0x000180          0x6 c:/program files/microchip/mplab c30/bin/bin/../../lib\libc-elf.a(memset.XXeo)
 __c30_signature
                  0x000186          0x6 c:/program files/microchip/mplab c30/bin/bin/../../lib\libc-elf.a(strcat.XXeo)
 __c30_signature
                  0x00018c          0x6 c:/program files/microchip/mplab c30/bin/bin/../../lib\libc-elf.a(strcmp.XXeo)
 __c30_signature
                  0x000192          0x6 c:/program files/microchip/mplab c30/bin/bin/../../lib\libc-elf.a(strcpy.XXeo)
 __c30_signature
                  0x000198          0x6 c:/program files/microchip/mplab c30/bin/bin/../../lib\libc-elf.a(strlen.XXeo)
 __c30_signature
                  0x00019e          0x6 c:/program files/microchip/mplab c30/bin/bin/../../lib\libc-elf.a(strncmp.XXeo)
 __c30_signature
                  0x0001a4          0x6 c:/program files/microchip/mplab c30/bin/bin/../../lib\libc-elf.a(strstr.XXeo)
 __c30_signature
                  0x0001aa          0x6 c:/program files/microchip/mplab c30/bin/bin/../../lib\libc-elf.a(strtok.XXeo)
 __c30_signature
                  0x0001b0          0x6 c:/program files/microchip/mplab c30/bin/bin/../../lib\libc-elf.a(strchr.XXelo)
 __c30_signature
                  0x0001b6          0x6 c:/program files/microchip/mplab c30/bin/bin/../../lib\libc-elf.a(strcspn.XXelo)
 __c30_signature
                  0x0001bc          0x6 c:/program files/microchip/mplab c30/bin/bin/../../lib\libc-elf.a(strspn.XXelo)

.nbss               0x0800        0x2ec
 .nbss              0x0800        0x1ea build/XC16_24FJ256GA110/production/database.o
                    0x0800                  _userList
 .nbss              0x09ea         0xd2 build/XC16_24FJ256GA110/production/wifi.o
                    0x09ec                  _bufferWifi
                    0x0a23                  _ssid
                    0x0a37                  _pswd
                    0x0a4b                  _delimStart
                    0x0a4c                  _delimEnd
                    0x0a4d                  _delimEnd2
                    0x0a4e                  _addBuf
                    0x0a51                  _delBuf
                    0x0a54                  _addStr
                    0x0a72                  _delStr
                    0x0a90                  _mode
                    0x0a91                  _buf
                    0x0aa6                  _tm
                    0x0ab8                  _t
 .nbss              0x0abc         0x1c build/XC16_24FJ256GA110/production/fingerPrintReader.o
                    0x0abc                  _commandSent
                    0x0abe                  _receiveBufferFPR
                    0x0aca                  _pendingUserID
                    0x0acb                  _sendBufferFPR
 .nbss              0x0ad8         0x14 build/XC16_24FJ256GA110/production/main.o
                    0x0ad8                  _debug

.ndata              0x0aec         0x30
 .ndata             0x0aec         0x14 build/XC16_24FJ256GA110/production/database.o
                    0x0aec                  _newEnrolled
                    0x0af6                  _newDeleted
 .ndata             0x0b00          0xa build/XC16_24FJ256GA110/production/miscHardware.o
                    0x0b00                  _updateFlag
                    0x0b01                  _sec
                    0x0b02                  _dSec
                    0x0b04                  _minute
                    0x0b06                  _dMinute
                    0x0b08                  _day
 .ndata             0x0b0a          0x8 build/XC16_24FJ256GA110/production/wifi.o
                    0x0b0a                  _reqType
                    0x0b0b                  _reqParseState
                    0x0b0c                  _loadingContent
                    0x0b0d                  _networkSet
                    0x0b0e                  _wifiEnrollProgress
                    0x0b0f                  _contentParseState
 .ndata             0x0b12          0x6 build/XC16_24FJ256GA110/production/fingerPrintReader.o
                    0x0b12                  _waitPlace
                    0x0b13                  _action
                    0x0b14                  _msgProgress
                    0x0b15                  _enrollProgress
                    0x0b16                  _FPRState
                    0x0b17                  _errFPR
 .ndata             0x0b18          0x2 build/XC16_24FJ256GA110/production/main.o
                    0x0b18                  _lockFlag
 .ndata             0x0b1a          0x2 build/XC16_24FJ256GA110/production/user.o
                    0x0b1a                  _systemReady

.nbss               0x0b1c          0x2
 .nbss              0x0b1c          0x2 build/XC16_24FJ256GA110/production/miscHardware.o

.bss                0x0b1e          0x2
 .bss               0x0b1e          0x2 c:/program files/microchip/mplab c30/bin/bin/../../lib\libc-elf.a(strtok.XXeo)

.const              0x8462        0x94e load address 0x000462  
 .const             0x8462        0x936 build/XC16_24FJ256GA110/production/wifi.o
 .const             0x8d98         0x18 build/XC16_24FJ256GA110/production/main.o

.text             0x000db0       0x18ee
 .text            0x000db0        0xaf0 build/XC16_24FJ256GA110/production/wifi.o
                  0x000db0                  _WifiStart
                  0x000dd6                  _refreshConnection
                  0x000e04                  _setupClientMode
                  0x000eb4                  _sendNetworkInfo
                  0x000ed8                  _sendWifiCommand
                  0x000f24                  _sendUpdate
                  0x00108c                  _loadAddListString
                  0x0010e2                  _loadDelListString
                  0x00112c                  _sendResponse
                  0x0011e0                  _sendPage
                  0x0011ee                  _sendEnrollInstructions
                  0x001272                  _sendEnrollError
                  0x001288                  __U1RXInterrupt
                  0x001748                  _searchForChar
                  0x001786                  _saveWifiInfo
                  0x001828                  _updateTime
                  0x001878                  _deleteID
 .text            0x0018a0        0x48a build/XC16_24FJ256GA110/production/fingerPrintReader.o
                  0x0018a0                  _FPRStart
                  0x0018bc                  _FPRStop
                  0x0018d0                  _generateFPRHeader
                  0x0018e6                  _getCheckSum
                  0x00191a                  _checkCheckSum
                  0x00196a                  _sendFPRCommand
                  0x001a6c                  __U2RXInterrupt
                  0x001b02                  _clearReceiveBuffer
                  0x001b20                  _getFPRResponseParameter
                  0x001b78                  _getFPRResponse
                  0x001b96                  _waitFinger
                  0x001bc2                  _isAuthorized
                  0x001c0c                  _identify
                  0x001c4e                  _enroll
 .text            0x001d2a        0x3c8 build/XC16_24FJ256GA110/production/miscHardware.o
                  0x001d2a                  _inputStart
                  0x001d3c                  _buttonIsPressed
                  0x001d6e                  _switchIsOn
                  0x001d7e                  _lockDeadBolt
                  0x001d98                  _turnOnFPR
                  0x001dba                  _turnOnWifiChip
                  0x001dce                  _delay
                  0x001dfe                  _setCurrTime
                  0x001e44                  _changeThirtyMinBlock
                  0x001e5e                  _timerSetup
                  0x001e84                  __T1Interrupt
                  0x001f24                  _setTimeout
                  0x001f8e                  _isTimeout
                  0x001fb2                  _UARTStartWifi
                  0x001fea                  _UARTStartFPR
                  0x00201e                  _wifiSendChar
                  0x002036                  _FPRSendChar
                  0x00204e                  _receiveMsgWifi
                  0x00208c                  _receiveMsgFPR
                  0x0020ca                  __U1TXInterrupt
                  0x0020de                  __U2TXInterrupt
 .text            0x0020f2        0x258 build/XC16_24FJ256GA110/production/debug.o
                  0x0020f2                  _turnOnLED
                  0x002164                  _turnOffLED
                  0x0021d6                  _toggleLED
                  0x002330                  _turnAllLEDOff
 .text            0x00234a        0x1f2 build/XC16_24FJ256GA110/production/main.o
                  0x00234a                  _main
 .text            0x00253c        0x162 build/XC16_24FJ256GA110/production/database.o
                  0x00253c                  _deleteDatabase
                  0x00254c                  _clearList
                  0x002562                  _saveNewUser
                  0x0025e8                  _deleteUser
                  0x002648                  _findEmptySpot
                  0x00267e                  _updateSch

.dinit            0x00269e         0x6e
 .dinit           0x00269e         0x6e data_init

.text             0x00270c         0x6c
 .text            0x00270c         0x34 build/XC16_24FJ256GA110/production/traps.o
                  0x00270c                  __OscillatorFail
                  0x002712                  __AddressError
                  0x002718                  __StackError
                  0x00271e                  __MathError
                  0x002724                  __AltOscillatorFail
                  0x00272a                  __AltAddressError
                  0x002730                  __AltStackError
                  0x002736                  __AltMathError
                  0x00273c                  __DefaultInterrupt
 .text            0x002740         0x32 build/XC16_24FJ256GA110/production/user.o
                  0x002740                  _InitApp
 .text            0x002772          0x6 build/XC16_24FJ256GA110/production/system.o
                  0x002772                  _ConfigureOscillator
